Component: Arm Compiler for Embedded 6.21 Tool: armlink [5ec1fa00]

==============================================================================

Section Cross References

    startup_stm32f411xe.o(STACK) refers (Special) to heapauxi.o(.text) for __use_two_region_memory
    startup_stm32f411xe.o(HEAP) refers (Special) to heapauxi.o(.text) for __use_two_region_memory
    startup_stm32f411xe.o(RESET) refers (Special) to heapauxi.o(.text) for __use_two_region_memory
    startup_stm32f411xe.o(RESET) refers to startup_stm32f411xe.o(STACK) for __initial_sp
    startup_stm32f411xe.o(RESET) refers to startup_stm32f411xe.o(.text) for Reset_Handler
    startup_stm32f411xe.o(RESET) refers to stm32f4xx_it.o(.text.NMI_Handler) for NMI_Handler
    startup_stm32f411xe.o(RESET) refers to stm32f4xx_it.o(.text.HardFault_Handler) for HardFault_Handler
    startup_stm32f411xe.o(RESET) refers to stm32f4xx_it.o(.text.MemManage_Handler) for MemManage_Handler
    startup_stm32f411xe.o(RESET) refers to stm32f4xx_it.o(.text.BusFault_Handler) for BusFault_Handler
    startup_stm32f411xe.o(RESET) refers to stm32f4xx_it.o(.text.UsageFault_Handler) for UsageFault_Handler
    startup_stm32f411xe.o(RESET) refers to stm32f4xx_it.o(.text.SVC_Handler) for SVC_Handler
    startup_stm32f411xe.o(RESET) refers to stm32f4xx_it.o(.text.DebugMon_Handler) for DebugMon_Handler
    startup_stm32f411xe.o(RESET) refers to stm32f4xx_it.o(.text.PendSV_Handler) for PendSV_Handler
    startup_stm32f411xe.o(RESET) refers to stm32f4xx_it.o(.text.SysTick_Handler) for SysTick_Handler
    startup_stm32f411xe.o(RESET) refers to stm32f4xx_it.o(.text.TIM1_TRG_COM_TIM11_IRQHandler) for TIM1_TRG_COM_TIM11_IRQHandler
    startup_stm32f411xe.o(.text) refers (Special) to heapauxi.o(.text) for __use_two_region_memory
    startup_stm32f411xe.o(.text) refers to system_stm32f4xx.o(.text.SystemInit) for SystemInit
    startup_stm32f411xe.o(.text) refers to __main.o(!!!main) for __main
    startup_stm32f411xe.o(.text) refers to startup_stm32f411xe.o(HEAP) for Heap_Mem
    startup_stm32f411xe.o(.text) refers to startup_stm32f411xe.o(STACK) for Stack_Mem
    main.o(.text) refers (Special) to _printf_percent.o(.ARM.Collect$$_printf_percent$$00000000) for _printf_percent
    main.o(.text) refers (Special) to _printf_pad.o(.text) for _printf_pre_padding
    main.o(.text) refers (Special) to _printf_d.o(.ARM.Collect$$_printf_percent$$00000009) for _printf_d
    main.o(.text) refers (Special) to _printf_dec.o(.text) for _printf_int_dec
    main.o(.text.main) refers (Special) to _printf_percent.o(.ARM.Collect$$_printf_percent$$00000000) for _printf_percent
    main.o(.text.main) refers (Special) to _printf_pad.o(.text) for _printf_pre_padding
    main.o(.text.main) refers (Special) to _printf_d.o(.ARM.Collect$$_printf_percent$$00000009) for _printf_d
    main.o(.text.main) refers (Special) to _printf_dec.o(.text) for _printf_int_dec
    main.o(.text.main) refers to stm32f4xx_hal.o(.text.HAL_Init) for HAL_Init
    main.o(.text.main) refers to rt_memclr_w.o(.text) for __aeabi_memclr4
    main.o(.text.main) refers to stm32f4xx_hal_rcc.o(.text.HAL_RCC_OscConfig) for HAL_RCC_OscConfig
    main.o(.text.main) refers to stm32f4xx_hal_rcc.o(.text.HAL_RCC_ClockConfig) for HAL_RCC_ClockConfig
    main.o(.text.main) refers to stm32f4xx_hal_gpio.o(.text.HAL_GPIO_WritePin) for HAL_GPIO_WritePin
    main.o(.text.main) refers to stm32f4xx_hal_gpio.o(.text.HAL_GPIO_Init) for HAL_GPIO_Init
    main.o(.text.main) refers to main.o(.bss.htim11) for htim11
    main.o(.text.main) refers to stm32f4xx_hal_tim.o(.text.HAL_TIM_Base_Init) for HAL_TIM_Base_Init
    main.o(.text.main) refers to main.o(.bss.hadc1) for hadc1
    main.o(.text.main) refers to stm32f4xx_hal_adc.o(.text.HAL_ADC_Init) for HAL_ADC_Init
    main.o(.text.main) refers to stm32f4xx_hal_adc.o(.text.HAL_ADC_ConfigChannel) for HAL_ADC_ConfigChannel
    main.o(.text.main) refers to main.o(.bss.hi2c1) for hi2c1
    main.o(.text.main) refers to stm32f4xx_hal_i2c.o(.text.HAL_I2C_Init) for HAL_I2C_Init
    main.o(.text.main) refers to main.o(.bss..L_MergedGlobals) for .L_MergedGlobals
    main.o(.text.main) refers to stm32f4xx_hal_uart.o(.text.HAL_UART_Init) for HAL_UART_Init
    main.o(.text.main) refers to main.o(.bss.hspi1) for hspi1
    main.o(.text.main) refers to stm32f4xx_hal_spi.o(.text.HAL_SPI_Init) for HAL_SPI_Init
    main.o(.text.main) refers to stm32f4xx_hal_tim.o(.text.HAL_TIM_Base_Start_IT) for HAL_TIM_Base_Start_IT
    main.o(.text.main) refers to bsp_oled.o(.text.BSP_OLED_Init) for BSP_OLED_Init
    main.o(.text.main) refers to bsp_oled.o(.text.BSP_OLED_CLS) for BSP_OLED_CLS
    main.o(.text.main) refers to bsp_oled.o(.text.BSP_OLED_ShowString) for BSP_OLED_ShowString
    main.o(.text.main) refers to bsp_oled.o(.text.BSP_OLED_Refresh) for BSP_OLED_Refresh
    main.o(.text.main) refers to timer.o(.bss..L_MergedGlobals) for Tim11Counter
    main.o(.text.main) refers to userapp.o(.text.userApp_2) for userApp_2
[...]
    ../clib/printf.c                         0x00000000   Number         0  __printf.o ABSOLUTE
    ../clib/printf.c                         0x00000000   Number         0  _printf_pad.o ABSOLUTE
    ../clib/printf.c                         0x00000000   Number         0  _printf_dec.o ABSOLUTE
    ../clib/printf.c                         0x00000000   Number         0  __printf_flags.o ABSOLUTE
    ../clib/printf.c                         0x00000000   Number         0  __printf_ss.o ABSOLUTE
    ../clib/printf.c                         0x00000000   Number         0  __printf_flags_ss.o ABSOLUTE
    ../clib/printf.c                         0x00000000   Number         0  __printf_wp.o ABSOLUTE
    ../clib/printf.c                         0x00000000   Number         0  __printf_flags_wp.o ABSOLUTE
    ../clib/printf.c                         0x00000000   Number         0  __printf_ss_wp.o ABSOLUTE
    ../clib/printf.c                         0x00000000   Number         0  __printf_flags_ss_wp.o ABSOLUTE
    ../clib/printf.c                         0x00000000   Number         0  _printf_intcommon.o ABSOLUTE
    ../clib/printf.c                         0x00000000   Number         0  _printf_fp_dec.o ABSOLUTE
    ../clib/printf.c                         0x00000000   Number         0  _printf_fp_dec_accurate.o ABSOLUTE
    ../clib/printf.c                         0x00000000   Number         0  _printf_char_common.o ABSOLUTE
    ../clib/printf.c                         0x00000000   Number         0  _sputc.o ABSOLUTE
    ../clib/printf.c                         0x00000000   Number         0  _printf_fp_infnan.o ABSOLUTE
    ../clib/printf.c                         0x00000000   Number         0  __printf_nopercent.o ABSOLUTE
    ../clib/printf_percent.s                 0x00000000   Number         0  _printf_d.o ABSOLUTE
    ../clib/printf_percent.s                 0x00000000   Number         0  _printf_f.o ABSOLUTE
    ../clib/printf_percent.s                 0x00000000   Number         0  _printf_percent.o ABSOLUTE
    ../clib/printf_percent.s                 0x00000000   Number         0  _printf_percent_end.o ABSOLUTE
    ../clib/signal.c                         0x00000000   Number         0  defsig_fpe_outer.o ABSOLUTE
    ../clib/signal.c                         0x00000000   Number         0  defsig_fpe_formal.o ABSOLUTE
    ../clib/signal.c                         0x00000000   Number         0  defsig_exit.o ABSOLUTE
    ../clib/signal.c                         0x00000000   Number         0  defsig_fpe_inner.o ABSOLUTE
    ../clib/signal.c                         0x00000000   Number         0  __raise.o ABSOLUTE
    ../clib/signal.c                         0x00000000   Number         0  defsig_general.o ABSOLUTE
    ../clib/signal.c                         0x00000000   Number         0  defsig_rtmem_outer.o ABSOLUTE
    ../clib/signal.c                         0x00000000   Number         0  defsig_rtmem_formal.o ABSOLUTE
    ../clib/signal.c                         0x00000000   Number         0  defsig_abrt_inner.o ABSOLUTE
    ../clib/signal.c                         0x00000000   Number         0  defsig_rtred_inner.o ABSOLUTE
    ../clib/signal.c                         0x00000000   Number         0  defsig_rtmem_inner.o ABSOLUTE
    ../clib/signal.c                         0x00000000   Number         0  defsig_stak_inner.o ABSOLUTE
    ../clib/signal.c                         0x00000000   Number         0  defsig_pvfn_inner.o ABSOLUTE
    ../clib/signal.c                         0x00000000   Number         0  defsig_cppl_inner.o ABSOLUTE
    ../clib/signal.c                         0x00000000   Number         0  defsig_segv_inner.o ABSOLUTE
    ../clib/signal.c                         0x00000000   Number         0  defsig_other.o ABSOLUTE
    ../clib/signal.s                         0x00000000   Number         0  defsig.o ABSOLUTE
    ../clib/stdlib.c                         0x00000000   Number         0  exit.o ABSOLUTE
    ../fplib/d2f.s                           0x00000000   Number         0  d2f.o ABSOLUTE
    ../fplib/dflt.s                          0x00000000   Number         0  dflt_clz.o ABSOLUTE
    ../fplib/dmul.s                          0x00000000   Number         0  dmul.o ABSOLUTE
    ../fplib/dnaninf.s                       0x00000000   Number         0  dnaninf.o ABSOLUTE
    ../fplib/dretinf.s                       0x00000000   Number         0  dretinf.o ABSOLUTE
    ../fplib/f2d.s                           0x00000000   Number         0  f2d.o ABSOLUTE
    ../fplib/fnaninf.s                       0x00000000   Number         0  fnaninf.o ABSOLUTE
    ../fplib/fpinit.s                        0x00000000   Number         0  fpinit.o ABSOLUTE
    ../fplib/fretinf.s                       0x00000000   Number         0  fretinf.o ABSOLUTE
    ../fplib/istatus.s                       0x00000000   Number         0  istatus.o ABSOLUTE
    ../fplib/printf1.s                       0x00000000   Number         0  printf1.o ABSOLUTE
    ../fplib/usenofp.s                       0x00000000   Number         0  usenofp.o ABSOLUTE
    ../mathlib/fpclassify.c                  0x00000000   Number         0  fpclassify.o ABSOLUTE
    BSP_OLED.c                               0x00000000   Number         0  bsp_oled.o ABSOLUTE
    BSP_SENSOR_LM75.c                        0x00000000   Number         0  bsp_sensor_lm75.o ABSOLUTE
    TIMER.c                                  0x00000000   Number         0  timer.o ABSOLUTE
    UserApp.c                                0x00000000   Number         0  userapp.o ABSOLUTE
    dc.s                                     0x00000000   Number         0  dc.o ABSOLUTE
    main.c                                   0x00000000   Number         0  main.o ABSOLUTE
    startup_stm32f411xe.s                    0x00000000   Number         0  startup_stm32f411xe.o ABSOLUTE
    stm32f4xx_hal.c                          0x00000000   Number         0  stm32f4xx_hal.o ABSOLUTE
    stm32f4xx_hal_adc.c                      0x00000000   Number         0  stm32f4xx_hal_adc.o ABSOLUTE
    stm32f4xx_hal_adc_ex.c                   0x00000000   Number         0  stm32f4xx_hal_adc_ex.o ABSOLUTE
    stm32f4xx_hal_cortex.c                   0x00000000   Number         0  stm32f4xx_hal_cortex.o ABSOLUTE
    stm32f4xx_hal_dma.c                      0x00000000   Number         0  stm32f4xx_hal_dma.o ABSOLUTE
    stm32f4xx_hal_dma_ex.c                   0x00000000   Number         0  stm32f4xx_hal_dma_ex.o ABSOLUTE
    stm32f4xx_hal_exti.c                     0x00000000   Number         0  stm32f4xx_hal_exti.o ABSOLUTE
    stm32f4xx_hal_flash.c                    0x00000000   Number         0  stm32f4xx_hal_flash.o ABSOLUTE
    stm32f4xx_hal_flash_ex.c                 0x00000000   Number         0  stm32f4xx_hal_flash_ex.o ABSOLUTE
    stm32f4xx_hal_flash_ramfunc.c            0x00000000   Number         0  stm32f4xx_hal_flash_ramfunc.o ABSOLUTE
    stm32f4xx_hal_gpio.c                     0x00000000   Number         0  stm32f4xx_hal_gpio.o ABSOLUTE
    stm32f4xx_hal_i2c.c                      0x00000000   Number         0  stm32f4xx_hal_i2c.o ABSOLUTE
    stm32f4xx_hal_i2c_ex.c                   0x00000000   Number         0  stm32f4xx_hal_i2c_ex.o ABSOLUTE
    stm32f4xx_hal_msp.c                      0x00000000   Number         0  stm32f4xx_hal_msp.o ABSOLUTE
    stm32f4xx_hal_pwr.c                      0x00000000   Number         0  stm32f4xx_hal_pwr.o ABSOLUTE
    stm32f4xx_hal_pwr_ex.c                   0x00000000   Number         0  stm32f4xx_hal_pwr_ex.o ABSOLUTE
    stm32f4xx_hal_rcc.c                      0x00000000   Number         0  stm32f4xx_hal_rcc.o ABSOLUTE
    stm32f4xx_hal_rcc_ex.c                   0x00000000   Number         0  stm32f4xx_hal_rcc_ex.o ABSOLUTE
    stm32f4xx_hal_spi.c                      0x00000000   Number         0  stm32f4xx_hal_spi.o ABSOLUTE
    stm32f4xx_hal_tim.c                      0x00000000   Number         0  stm32f4xx_hal_tim.o ABSOLUTE
    stm32f4xx_hal_tim_ex.c                   0x00000000   Number         0  stm32f4xx_hal_tim_ex.o ABSOLUTE
    stm32f4xx_hal_uart.c                     0x00000000   Number         0  stm32f4xx_hal_uart.o ABSOLUTE
    stm32f4xx_it.c                           0x00000000   Number         0  stm32f4xx_it.o ABSOLUTE
    stm32f4xx_ll_adc.c                       0x00000000   Number         0  stm32f4xx_ll_adc.o ABSOLUTE
    system_stm32f4xx.c                       0x00000000   Number         0  system_stm32f4xx.o ABSOLUTE
    RESET                                    0x08000000   Section      408  startup_stm32f411xe.o(RESET)
    !!!main                                  0x08000198   Section        8  __main.o(!!!main)
    !!!scatter                               0x080001a0   Section       92  __scatter.o(!!!scatter)
    !!handler_copy                           0x080001fc   Section       26  __scatter_copy.o(!!handler_copy)
    !!handler_null                           0x08000218   Section        2  __scatter.o(!!handler_null)
    !!handler_zi                             0x0800021c   Section       28  __scatter_zi.o(!!handler_zi)
    .ARM.Collect$$_printf_percent$$00000000  0x08000238   Section        0  _printf_percent.o(.ARM.Collect$$_printf_percent$$00000000)
    .ARM.Collect$$_printf_percent$$00000003  0x08000238   Section        6  _printf_f.o(.ARM.Collect$$_printf_percent$$00000003)
    .ARM.Collect$$_printf_percent$$00000009  0x0800023e   Section        6  _printf_d.o(.ARM.Collect$$_printf_percent$$00000009)
    .ARM.Collect$$_printf_percent$$00000017  0x08000244   Section        4  _printf_percent_end.o(.ARM.Collect$$_printf_percent$$00000017)
    .ARM.Collect$$libinit$$00000000          0x08000248   Section        2  libinit.o(.ARM.Collect$$libinit$$00000000)
    .ARM.Collect$$libinit$$00000001          0x0800024a   Section        4  libinit2.o(.ARM.Collect$$libinit$$00000001)
    .ARM.Collect$$libinit$$00000004          0x0800024e   Section        0  libinit2.o(.ARM.Collect$$libinit$$00000004)
    .ARM.Collect$$libinit$$00000006          0x0800024e   Section        0  libinit2.o(.ARM.Collect$$libinit$$00000006)
    .ARM.Collect$$libinit$$0000000C          0x0800024e   Section        0  libinit2.o(.ARM.Collect$$libinit$$0000000C)
    .ARM.Collect$$libinit$$0000000E          0x0800024e   Section        0  libinit2.o(.ARM.Collect$$libinit$$0000000E)
    .ARM.Collect$$libinit$$00000010          0x0800024e   Section        0  libinit2.o(.ARM.Collect$$libinit$$00000010)
    .ARM.Collect$$libinit$$00000011          0x0800024e   Section        6  libinit2.o(.ARM.Collect$$libinit$$00000011)
    .ARM.Collect$$libinit$$00000013          0x08000254   Section        0  libinit2.o(.ARM.Collect$$libinit$$00000013)
    .ARM.Collect$$libinit$$00000015          0x08000254   Section        0  libinit2.o(.ARM.Collect$$libinit$$00000015)
    .ARM.Collect$$libinit$$00000017          0x08000254   Section        0  libinit2.o(.ARM.Collect$$libinit$$00000017)
    .ARM.Collect$$libinit$$00000018          0x08000254   Section       10  libinit2.o(.ARM.Collect$$libinit$$00000018)
    .ARM.Collect$$libinit$$00000019          0x0800025e   Section        0  libinit2.o(.ARM.Collect$$libinit$$00000019)
    .ARM.Collect$$libinit$$0000001B          0x0800025e   Section        0  libinit2.o(.ARM.Collect$$libinit$$0000001B)
    .ARM.Collect$$libinit$$0000001D          0x0800025e   Section        0  libinit2.o(.ARM.Collect$$libinit$$0000001D)
    .ARM.Collect$$libinit$$0000001F          0x0800025e   Section        0  libinit2.o(.ARM.Collect$$libinit$$0000001F)
    .ARM.Collect$$libinit$$00000021          0x0800025e   Section        0  libinit2.o(.ARM.Collect$$libinit$$00000021)
    .ARM.Collect$$libinit$$00000023          0x0800025e   Section        0  libinit2.o(.ARM.Collect$$libinit$$00000023)
    .ARM.Collect$$libinit$$00000025          0x0800025e   Section        0  libinit2.o(.ARM.Collect$$libinit$$00000025)
    .ARM.Collect$$libinit$$00000027          0x0800025e   Section        0  libinit2.o(.ARM.Collect$$libinit$$00000027)
    .ARM.Collect$$libinit$$0000002E          0x0800025e   Section        0  libinit2.o(.ARM.Collect$$libinit$$0000002E)
    .ARM.Collect$$libinit$$00000030          0x0800025e   Section        0  libinit2.o(.ARM.Collect$$libinit$$00000030)
    .ARM.Collect$$libinit$$00000032          0x0800025e   Section        0  libinit2.o(.ARM.Collect$$libinit$$00000032)
    .ARM.Collect$$libinit$$00000034          0x0800025e   Section        0  libinit2.o(.ARM.Collect$$libinit$$00000034)
    .ARM.Collect$$libinit$$00000035          0x0800025e   Section        2  libinit2.o(.ARM.Collect$$libinit$$00000035)
    .ARM.Collect$$libshutdown$$00000000      0x08000260   Section        2  libshutdown.o(.ARM.Collect$$libshutdown$$00000000)
    .ARM.Collect$$libshutdown$$00000002      0x08000262   Section        0  libshutdown2.o(.ARM.Collect$$libshutdown$$00000002)
    .ARM.Collect$$libshutdown$$00000004      0x08000262   Section        0  libshutdown2.o(.ARM.Collect$$libshutdown$$00000004)
    .ARM.Collect$$libshutdown$$00000007      0x08000262   Section        0  libshutdown2.o(.ARM.Collect$$libshutdown$$00000007)
    .ARM.Collect$$libshutdown$$0000000A      0x08000262   Section        0  libshutdown2.o(.ARM.Collect$$libshutdown$$0000000A)
    .ARM.Collect$$libshutdown$$0000000C      0x08000262   Section        0  libshutdown2.o(.ARM.Collect$$libshutdown$$0000000C)
    .ARM.Collect$$libshutdown$$0000000F      0x08000262   Section        0  libshutdown2.o(.ARM.Collect$$libshutdown$$0000000F)
    .ARM.Collect$$libshutdown$$00000010      0x08000262   Section        2  libshutdown2.o(.ARM.Collect$$libshutdown$$00000010)
    .ARM.Collect$$rtentry$$00000000          0x08000264   Section        0  __rtentry.o(.ARM.Collect$$rtentry$$00000000)
    .ARM.Collect$$rtentry$$00000002          0x08000264   Section        0  __rtentry2.o(.ARM.Collect$$rtentry$$00000002)
    .ARM.Collect$$rtentry$$00000004          0x08000264   Section        6  __rtentry4.o(.ARM.Collect$$rtentry$$00000004)
    .ARM.Collect$$rtentry$$00000009          0x0800026a   Section        0  __rtentry2.o(.ARM.Collect$$rtentry$$00000009)
    .ARM.Collect$$rtentry$$0000000A          0x0800026a   Section        4  __rtentry2.o(.ARM.Collect$$rtentry$$0000000A)
    .ARM.Collect$$rtentry$$0000000C          0x0800026e   Section        0  __rtentry2.o(.ARM.Collect$$rtentry$$0000000C)
    .ARM.Collect$$rtentry$$0000000D          0x0800026e   Section        8  __rtentry2.o(.ARM.Collect$$rtentry$$0000000D)
    .ARM.Collect$$rtexit$$00000000           0x08000276   Section        2  rtexit.o(.ARM.Collect$$rtexit$$00000000)
    .ARM.Collect$$rtexit$$00000002           0x08000278   Section        0  rtexit2.o(.ARM.Collect$$rtexit$$00000002)
    .ARM.Collect$$rtexit$$00000003           0x08000278   Section        4  rtexit2.o(.ARM.Collect$$rtexit$$00000003)
    .ARM.Collect$$rtexit$$00000004           0x0800027c   Section        6  rtexit2.o(.ARM.Collect$$rtexit$$00000004)
    $v0                                      0x08000284   Number         0  startup_stm32f411xe.o(.text)
    .text                                    0x08000284   Section       64  startup_stm32f411xe.o(.text)
    .text                                    0x080002c4   Section      240  lludivv7m.o(.text)
    .text                                    0x080003b4   Section        0  noretval__2sprintf.o(.text)
    .text                                    0x080003dc   Section        0  _printf_pad.o(.text)
    .text                                    0x0800042c   Section        0  _printf_dec.o(.text)
    .text                                    0x080004a4   Section        0  __printf_wp.o(.text)
    .text                                    0x080005b2   Section       78  rt_memclr_w.o(.text)
    .text                                    0x08000600   Section        0  heapauxi.o(.text)
    .text                                    0x08000606   Section        0  _printf_intcommon.o(.text)
    _fp_digits                               0x080006b9   Thumb Code   432  _printf_fp_dec.o(.text)
    .text                                    0x080006b8   Section        0  _printf_fp_dec.o(.text)
    _printf_input_char                       0x08000ad5   Thumb Code    10  _printf_char_common.o(.text)
    .text                                    0x08000ad4   Section        0  _printf_char_common.o(.text)
    .text                                    0x08000b04   Section        0  _sputc.o(.text)
    .text                                    0x08000b10   Section        8  rt_locale_intlibspace.o(.text)
    .text                                    0x08000b18   Section      138  lludiv10.o(.text)
    .text                                    0x08000ba4   Section        0  _printf_fp_infnan.o(.text)
    .text                                    0x08000c24   Section        0  bigflt0.o(.text)
    .text                                    0x08000d08   Section        8  libspace.o(.text)
    .text                                    0x08000d10   Section       74  sys_stackheap_outer.o(.text)
    .text                                    0x08000d5a   Section        0  exit.o(.text)
    .text                                    0x08000d70   Section      124  strcmpv7em.o(.text)
    .text                                    0x08000dec   Section        0  sys_exit.o(.text)
    .text                                    0x08000df8   Section        2  use_no_semi.o(.text)
    .text                                    0x08000dfa   Section        0  indicate_semi.o(.text)
    [Anonymous Symbol]                       0x08000dfc   Section        0  bsp_oled.o(.text.BSP_OLED_CLS)
    [Anonymous Symbol]                       0x0800128c   Section        0  bsp_oled.o(.text.BSP_OLED_Init)
    [Anonymous Symbol]                       0x08001ac8   Section        0  bsp_oled.o(.text.BSP_OLED_Refresh)
    [Anonymous Symbol]                       0x08001c78   Section        0  bsp_oled.o(.text.BSP_OLED_ShowChar)
    [Anonymous Symbol]                       0x08001f24   Section        0  bsp_oled.o(.text.BSP_OLED_ShowString)
    [Anonymous Symbol]                       0x08001f60   Section        0  bsp_sensor_lm75.o(.text.BSP_UpdateSensorValue)
    [Anonymous Symbol]                       0x080023ac   Section        0  stm32f4xx_it.o(.text.BusFault_Handler)
    [Anonymous Symbol]                       0x080023b0   Section        0  stm32f4xx_it.o(.text.DebugMon_Handler)
    [Anonymous Symbol]                       0x080023b4   Section        0  stm32f4xx_hal_adc.o(.text.HAL_ADC_ConfigChannel)
    [Anonymous Symbol]                       0x08002524   Section        0  stm32f4xx_hal_adc.o(.text.HAL_ADC_GetValue)
    [Anonymous Symbol]                       0x0800252c   Section        0  stm32f4xx_hal_adc.o(.text.HAL_ADC_Init)
    [Anonymous Symbol]                       0x0800268c   Section        0  stm32f4xx_hal_msp.o(.text.HAL_ADC_MspInit)
    [Anonymous Symbol]                       0x080026f0   Section        0  stm32f4xx_hal_adc.o(.text.HAL_ADC_Start)
    [Anonymous Symbol]                       0x08002800   Section        0  stm32f4xx_hal.o(.text.HAL_Delay)
    [Anonymous Symbol]                       0x08002828   Section        0  stm32f4xx_hal_gpio.o(.text.HAL_GPIO_Init)
    [Anonymous Symbol]                       0x080029c8   Section        0  stm32f4xx_hal_gpio.o(.text.HAL_GPIO_WritePin)
    [Anonymous Symbol]                       0x080029d4   Section        0  stm32f4xx_hal.o(.text.HAL_GetTick)
    [Anonymous Symbol]                       0x080029e0   Section        0  stm32f4xx_hal_i2c.o(.text.HAL_I2C_Init)
    [Anonymous Symbol]                       0x08002b44   Section        0  stm32f4xx_hal_i2c.o(.text.HAL_I2C_Mem_Read)
    [Anonymous Symbol]                       0x08002eb0   Section        0  stm32f4xx_hal_msp.o(.text.HAL_I2C_MspInit)
    [Anonymous Symbol]                       0x08002f1c   Section        0  stm32f4xx_hal.o(.text.HAL_IncTick)
    [Anonymous Symbol]                       0x08002f38   Section        0  stm32f4xx_hal.o(.text.HAL_Init)
    [Anonymous Symbol]                       0x08002f70   Section        0  stm32f4xx_hal.o(.text.HAL_InitTick)
    [Anonymous Symbol]                       0x08002fb8   Section        0  stm32f4xx_hal_msp.o(.text.HAL_MspInit)
    [Anonymous Symbol]                       0x08002ff4   Section        0  stm32f4xx_hal_cortex.o(.text.HAL_NVIC_EnableIRQ)
    [Anonymous Symbol]                       0x08003018   Section        0  stm32f4xx_hal_cortex.o(.text.HAL_NVIC_SetPriority)
    [Anonymous Symbol]                       0x08003070   Section        0  stm32f4xx_hal_cortex.o(.text.HAL_NVIC_SetPriorityGrouping)
    [Anonymous Symbol]                       0x08003090   Section        0  stm32f4xx_hal_rcc.o(.text.HAL_RCC_ClockConfig)
    [Anonymous Symbol]                       0x080031f4   Section        0  stm32f4xx_hal_rcc.o(.text.HAL_RCC_GetPCLK1Freq)
    [Anonymous Symbol]                       0x0800321c   Section        0  stm32f4xx_hal_rcc.o(.text.HAL_RCC_GetPCLK2Freq)
    [Anonymous Symbol]                       0x08003244   Section        0  stm32f4xx_hal_rcc.o(.text.HAL_RCC_GetSysClockFreq)
    [Anonymous Symbol]                       0x080032b0   Section        0  stm32f4xx_hal_rcc.o(.text.HAL_RCC_OscConfig)
    [Anonymous Symbol]                       0x08003660   Section        0  stm32f4xx_hal_spi.o(.text.HAL_SPI_Init)
    [Anonymous Symbol]                       0x08003714   Section        0  stm32f4xx_hal_msp.o(.text.HAL_SPI_MspInit)
    [Anonymous Symbol]                       0x08003780   Section        0  stm32f4xx_hal_spi.o(.text.HAL_SPI_Transmit)
    [Anonymous Symbol]                       0x080039d0   Section        0  stm32f4xx_hal_cortex.o(.text.HAL_SYSTICK_Config)
    [Anonymous Symbol]                       0x080039fc   Section        0  stm32f4xx_hal_tim_ex.o(.text.HAL_TIMEx_BreakCallback)
    [Anonymous Symbol]                       0x08003a00   Section        0  stm32f4xx_hal_tim_ex.o(.text.HAL_TIMEx_CommutCallback)
    [Anonymous Symbol]                       0x08003a04   Section        0  stm32f4xx_hal_tim.o(.text.HAL_TIM_Base_Init)
    [Anonymous Symbol]                       0x08003b40   Section        0  stm32f4xx_hal_msp.o(.text.HAL_TIM_Base_MspInit)
    [Anonymous Symbol]                       0x08003b88   Section        0  stm32f4xx_hal_tim.o(.text.HAL_TIM_Base_Start_IT)
    [Anonymous Symbol]                       0x08003c0c   Section        0  stm32f4xx_hal_tim.o(.text.HAL_TIM_IC_CaptureCallback)
    [Anonymous Symbol]                       0x08003c10   Section        0  stm32f4xx_hal_tim.o(.text.HAL_TIM_IRQHandler)
    [Anonymous Symbol]                       0x08003d80   Section        0  stm32f4xx_hal_tim.o(.text.HAL_TIM_OC_DelayElapsedCallback)
    [Anonymous Symbol]                       0x08003d84   Section        0  stm32f4xx_hal_tim.o(.text.HAL_TIM_PWM_PulseFinishedCallback)
    [Anonymous Symbol]                       0x08003d88   Section        0  timer.o(.text.HAL_TIM_PeriodElapsedCallback)
    [Anonymous Symbol]                       0x08003de4   Section        0  stm32f4xx_hal_tim.o(.text.HAL_TIM_TriggerCallback)
    [Anonymous Symbol]                       0x08003de8   Section        0  stm32f4xx_hal_uart.o(.text.HAL_UART_Init)
    [Anonymous Symbol]                       0x08003e48   Section        0  stm32f4xx_hal_msp.o(.text.HAL_UART_MspInit)
    [Anonymous Symbol]                       0x08003eb4   Section        0  stm32f4xx_it.o(.text.HardFault_Handler)
    I2C_RequestMemoryRead                    0x08003eb9   Thumb Code   794  stm32f4xx_hal_i2c.o(.text.I2C_RequestMemoryRead)
    [Anonymous Symbol]                       0x08003eb8   Section        0  stm32f4xx_hal_i2c.o(.text.I2C_RequestMemoryRead)
    I2C_WaitOnFlagUntilTimeout               0x080041d5   Thumb Code   328  stm32f4xx_hal_i2c.o(.text.I2C_WaitOnFlagUntilTimeout)
    [Anonymous Symbol]                       0x080041d4   Section        0  stm32f4xx_hal_i2c.o(.text.I2C_WaitOnFlagUntilTimeout)
    I2C_WaitOnMasterAddressFlagUntilTimeout  0x0800431d   Thumb Code   184  stm32f4xx_hal_i2c.o(.text.I2C_WaitOnMasterAddressFlagUntilTimeout)
    [Anonymous Symbol]                       0x0800431c   Section        0  stm32f4xx_hal_i2c.o(.text.I2C_WaitOnMasterAddressFlagUntilTimeout)
    [Anonymous Symbol]                       0x080043d4   Section        0  stm32f4xx_it.o(.text.MemManage_Handler)
    [Anonymous Symbol]                       0x080043d8   Section        0  stm32f4xx_it.o(.text.NMI_Handler)
    [Anonymous Symbol]                       0x080043dc   Section        0  stm32f4xx_it.o(.text.PendSV_Handler)
    SPI_WaitFlagStateUntilTimeout            0x080043e1   Thumb Code   228  stm32f4xx_hal_spi.o(.text.SPI_WaitFlagStateUntilTimeout)
    [Anonymous Symbol]                       0x080043e0   Section        0  stm32f4xx_hal_spi.o(.text.SPI_WaitFlagStateUntilTimeout)
    [Anonymous Symbol]                       0x080044c4   Section        0  stm32f4xx_it.o(.text.SVC_Handler)
    [Anonymous Symbol]                       0x080044c8   Section        0  stm32f4xx_it.o(.text.SysTick_Handler)
    [Anonymous Symbol]                       0x080044cc   Section        0  system_stm32f4xx.o(.text.SystemInit)
    [Anonymous Symbol]                       0x080044e0   Section        0  stm32f4xx_it.o(.text.TIM1_TRG_COM_TIM11_IRQHandler)
    UART_SetConfig                           0x080044ed   Thumb Code   238  stm32f4xx_hal_uart.o(.text.UART_SetConfig)
    [Anonymous Symbol]                       0x080044ec   Section        0  stm32f4xx_hal_uart.o(.text.UART_SetConfig)
    [Anonymous Symbol]                       0x080045dc   Section        0  stm32f4xx_it.o(.text.UsageFault_Handler)
    [Anonymous Symbol]                       0x080045e0   Section        0  main.o(.text.main)
    [Anonymous Symbol]                       0x08004930   Section        0  userapp.o(.text.userApp_2)
    CL$$btod_d2e                             0x080049ec   Section       62  btod.o(CL$$btod_d2e)
    CL$$btod_d2e_denorm_low                  0x08004a2a   Section       70  btod.o(CL$$btod_d2e_denorm_low)
    CL$$btod_d2e_norm_op1                    0x08004a70   Section       96  btod.o(CL$$btod_d2e_norm_op1)
    CL$$btod_div_common                      0x08004ad0   Section      824  btod.o(CL$$btod_div_common)
    CL$$btod_e2e                             0x08004e08   Section      220  btod.o(CL$$btod_e2e)
    CL$$btod_ediv                            0x08004ee4   Section       42  btod.o(CL$$btod_ediv)
    CL$$btod_emul                            0x08004f0e   Section       42  btod.o(CL$$btod_emul)
    CL$$btod_mult_common                     0x08004f38   Section      580  btod.o(CL$$btod_mult_common)
    i.__ARM_fpclassify                       0x0800517c   Section        0  fpclassify.o(i.__ARM_fpclassify)
    i._is_digit                              0x080051ac   Section        0  __printf_wp.o(i._is_digit)
    locale$$code                             0x080051bc   Section       44  lc_numeric_c.o(locale$$code)
    $v0                                      0x080051e8   Number         0  d2f.o(x$fpl$d2f)
    x$fpl$d2f                                0x080051e8   Section       98  d2f.o(x$fpl$d2f)
    $v0                                      0x0800524a   Number         0  dflt_clz.o(x$fpl$dflt)
    x$fpl$dflt                               0x0800524a   Section       46  dflt_clz.o(x$fpl$dflt)
    $v0                                      0x08005278   Number         0  dmul.o(x$fpl$dmul)
    x$fpl$dmul                               0x08005278   Section      340  dmul.o(x$fpl$dmul)
    $v0                                      0x080053cc   Number         0  dnaninf.o(x$fpl$dnaninf)
    x$fpl$dnaninf                            0x080053cc   Section      156  dnaninf.o(x$fpl$dnaninf)
    $v0                                      0x08005468   Number         0  dretinf.o(x$fpl$dretinf)
    x$fpl$dretinf                            0x08005468   Section       12  dretinf.o(x$fpl$dretinf)
    $v0                                      0x08005474   Number         0  f2d.o(x$fpl$f2d)
    x$fpl$f2d                                0x08005474   Section       86  f2d.o(x$fpl$f2d)
    $v0                                      0x080054ca   Number         0  fnaninf.o(x$fpl$fnaninf)
    x$fpl$fnaninf                            0x080054ca   Section      140  fnaninf.o(x$fpl$fnaninf)
    $v0                                      0x08005556   Number         0  fpinit.o(x$fpl$fpinit)
    x$fpl$fpinit                             0x08005556   Section       26  fpinit.o(x$fpl$fpinit)
    $v0                                      0x08005570   Number         0  fretinf.o(x$fpl$fretinf)
    x$fpl$fretinf                            0x08005570   Section       10  fretinf.o(x$fpl$fretinf)
    $v0                                      0x0800557a   Number         0  printf1.o(x$fpl$printf1)
    x$fpl$printf1                            0x0800557a   Section        4  printf1.o(x$fpl$printf1)
    x$fpl$usenofp                            0x0800557e   Section        0  usenofp.o(x$fpl$usenofp)
    tenpwrs_x                                0x08005580   Data          60  bigflt0.o(.constdata)
    .constdata                               0x08005580   Section      148  bigflt0.o(.constdata)
    tenpwrs_i                                0x080055bc   Data          64  bigflt0.o(.constdata)
    locale$$data                             0x08005c3c   Section       28  lc_numeric_c.o(locale$$data)
    __lcnum_c_name                           0x08005c40   Data           2  lc_numeric_c.o(locale$$data)
    __lcnum_c_start                          0x08005c48   Data           0  lc_numeric_c.o(locale$$data)
    __lcnum_c_point                          0x08005c54   Data           0  lc_numeric_c.o(locale$$data)
    __lcnum_c_thousands                      0x08005c56   Data           0  lc_numeric_c.o(locale$$data)
    __lcnum_c_grouping                       0x08005c57   Data           0  lc_numeric_c.o(locale$$data)
    __lcnum_c_end                            0x08005c58   Data           0  lc_numeric_c.o(locale$$data)
    .L_MergedGlobals                         0x20000000   Data           8  stm32f4xx_hal.o(.data..L_MergedGlobals)
    [Anonymous Symbol]                       0x20000000   Section        0  stm32f4xx_hal.o(.data..L_MergedGlobals)
    .bss                                     0x20000010   Section       96  libspace.o(.bss)
    .L_MergedGlobals                         0x20000070   Data          84  main.o(.bss..L_MergedGlobals)
    main.strRuntime                          0x20000070   Data          16  main.o(.bss..L_MergedGlobals)
    [Anonymous Symbol]                       0x20000070   Section        0  main.o(.bss..L_MergedGlobals)
    .L_MergedGlobals                         0x200000c4   Data          20  timer.o(.bss..L_MergedGlobals)
    [Anonymous Symbol]                       0x200000c4   Section        0  timer.o(.bss..L_MergedGlobals)
    Temperature.0                            0x200004d8   Data           4  bsp_sensor_lm75.o(.bss.Temperature.0)
    [Anonymous Symbol]                       0x200004d8   Section        0  bsp_sensor_lm75.o(.bss.Temperature.0)
    Heap_Mem                                 0x20000620   Data         512  startup_stm32f411xe.o(HEAP)
    HEAP                                     0x20000620   Section      512  startup_stm32f411xe.o(HEAP)
    Stack_Mem                                0x20000820   Data        1024  startup_stm32f411xe.o(STACK)
    STACK                                    0x20000820   Section     1024  startup_stm32f411xe.o(STACK)
    __initial_sp                             0x20000c20   Data           0  startup_stm32f411xe.o(STACK)

    Global Symbols

    Symbol Name                              Value     Ov Type        Size  Object(Section)

    BuildAttributes$$THM_ISAv4$E$P$D$K$B$S$7EM$VFPi3$EXTD16$VFPS$VFMA$PE$A:L22UL41UL21$X:L11$S22US41US21$IEEE1$IW$~IW$USESV6$~STKCKD$USESV7$~SHL$OTIME$ROPI$IEEEJ$EBA8$UX$STANDARDLIB$REQ8$PRES8$EABIv2 0x00000000   Number         0  anon$$obj.o ABSOLUTE
    _printf_flags                            0x00000000   Number         0  printf_stubs.o ABSOLUTE
    _printf_return_value                     0x00000000   Number         0  printf_stubs.o ABSOLUTE
    _printf_sizespec                         0x00000000   Number         0  printf_stubs.o ABSOLUTE
    _printf_widthprec                        0x00000000   Number         0  printf_stubs.o ABSOLUTE
    __ARM_exceptions_init                     - Undefined Weak Reference
    __alloca_initialize                       - Undefined Weak Reference
    __arm_preinit_                            - Undefined Weak Reference
    __arm_relocate_pie_                       - Undefined Weak Reference
    __cpp_initialize__aeabi_                  - Undefined Weak Reference
    __cxa_finalize                            - Undefined Weak Reference
    __sigvec_lookup                           - Undefined Weak Reference
    _atexit_init                              - Undefined Weak Reference
    _call_atexit_fns                          - Undefined Weak Reference
    _clock_init                               - Undefined Weak Reference
    _fp_trap_init                             - Undefined Weak Reference
    _fp_trap_shutdown                         - Undefined Weak Reference
    _get_lc_collate                           - Undefined Weak Reference
    _get_lc_ctype                             - Undefined Weak Reference
    _get_lc_monetary                          - Undefined Weak Reference
    _get_lc_time                              - Undefined Weak Reference
    _getenv_init                              - Undefined Weak Reference
    _handle_redirection                       - Undefined Weak Reference
    _init_alloc                               - Undefined Weak Reference
    _init_user_alloc                          - Undefined Weak Reference
    _initio                                   - Undefined Weak Reference
    _printf_truncate_signed                   - Undefined Weak Reference
    _printf_truncate_unsigned                 - Undefined Weak Reference
    _rand_init                                - Undefined Weak Reference
    _signal_finish                            - Undefined Weak Reference
    _signal_init                              - Undefined Weak Reference
    _terminate_alloc                          - Undefined Weak Reference
    _terminate_user_alloc                     - Undefined Weak Reference
    _terminateio                              - Undefined Weak Reference
    __Vectors_Size                           0x00000198   Number         0  startup_stm32f411xe.o ABSOLUTE
    __Vectors                                0x08000000   Data           4  startup_stm32f411xe.o(RESET)
    __Vectors_End                            0x08000198   Data           0  startup_stm32f411xe.o(RESET)
    __main                                   0x08000199   Thumb Code     8  __main.o(!!!main)
    __scatterload                            0x080001a1   Thumb Code     0  __scatter.o(!!!scatter)
    __scatterload_rt2                        0x080001a1   Thumb Code    84  __scatter.o(!!!scatter)
    __scatterload_rt2_thumb_only             0x080001a1   Thumb Code     0  __scatter.o(!!!scatter)
    __scatterload_loop                       0x080001ab   Thumb Code     0  __scatter.o(!!!scatter)
    __scatterload_copy                       0x080001fd   Thumb Code    26  __scatter_copy.o(!!handler_copy)
    __scatterload_null                       0x08000219   Thumb Code     2  __scatter.o(!!handler_null)
    __scatterload_zeroinit                   0x0800021d   Thumb Code    28  __scatter_zi.o(!!handler_zi)
    _printf_f                                0x08000239   Thumb Code     0  _printf_f.o(.ARM.Collect$$_printf_percent$$00000003)
    _printf_percent                          0x08000239   Thumb Code     0  _printf_percent.o(.ARM.Collect$$_printf_percent$$00000000)
    _printf_d                                0x0800023f   Thumb Code     0  _printf_d.o(.ARM.Collect$$_printf_percent$$00000009)
    _printf_percent_end                      0x08000245   Thumb Code     0  _printf_percent_end.o(.ARM.Collect$$_printf_percent$$00000017)
    __rt_lib_init                            0x08000249   Thumb Code     0  libinit.o(.ARM.Collect$$libinit$$00000000)
    __rt_lib_init_fp_1                       0x0800024b   Thumb Code     0  libinit2.o(.ARM.Collect$$libinit$$00000001)
    __rt_lib_init_heap_1                     0x0800024f   Thumb Code     0  libinit2.o(.ARM.Collect$$libinit$$0000000C)
    __rt_lib_init_lc_common                  0x0800024f   Thumb Code     0  libinit2.o(.ARM.Collect$$libinit$$00000011)
    __rt_lib_init_preinit_1                  0x0800024f   Thumb Code     0  libinit2.o(.ARM.Collect$$libinit$$00000006)
    __rt_lib_init_rand_1                     0x0800024f   Thumb Code     0  libinit2.o(.ARM.Collect$$libinit$$00000010)
    __rt_lib_init_relocate_pie_1             0x0800024f   Thumb Code     0  libinit2.o(.ARM.Collect$$libinit$$00000004)
    __rt_lib_init_user_alloc_1               0x0800024f   Thumb Code     0  libinit2.o(.ARM.Collect$$libinit$$0000000E)
    __rt_lib_init_lc_collate_1               0x08000255   Thumb Code     0  libinit2.o(.ARM.Collect$$libinit$$00000013)
    __rt_lib_init_lc_ctype_1                 0x08000255   Thumb Code     0  libinit2.o(.ARM.Collect$$libinit$$00000015)
    __rt_lib_init_lc_monetary_1              0x08000255   Thumb Code     0  libinit2.o(.ARM.Collect$$libinit$$00000017)
    __rt_lib_init_lc_numeric_2               0x08000255   Thumb Code     0  libinit2.o(.ARM.Collect$$libinit$$00000018)
    __rt_lib_init_alloca_1                   0x0800025f   Thumb Code     0  libinit2.o(.ARM.Collect$$libinit$$00000030)
    __rt_lib_init_argv_1                     0x0800025f   Thumb Code     0  libinit2.o(.ARM.Collect$$libinit$$0000002E)
    __rt_lib_init_atexit_1                   0x0800025f   Thumb Code     0  libinit2.o(.ARM.Collect$$libinit$$0000001D)
    __rt_lib_init_clock_1                    0x0800025f   Thumb Code     0  libinit2.o(.ARM.Collect$$libinit$$00000023)
    __rt_lib_init_cpp_1                      0x0800025f   Thumb Code     0  libinit2.o(.ARM.Collect$$libinit$$00000034)
    __rt_lib_init_exceptions_1               0x0800025f   Thumb Code     0  libinit2.o(.ARM.Collect$$libinit$$00000032)
    __rt_lib_init_fp_trap_1                  0x0800025f   Thumb Code     0  libinit2.o(.ARM.Collect$$libinit$$00000021)
    __rt_lib_init_getenv_1                   0x0800025f   Thumb Code     0  libinit2.o(.ARM.Collect$$libinit$$00000025)
    __rt_lib_init_lc_numeric_1               0x0800025f   Thumb Code     0  libinit2.o(.ARM.Collect$$libinit$$00000019)
    __rt_lib_init_lc_time_1                  0x0800025f   Thumb Code     0  libinit2.o(.ARM.Collect$$libinit$$0000001B)
    __rt_lib_init_return                     0x0800025f   Thumb Code     0  libinit2.o(.ARM.Collect$$libinit$$00000035)
    __rt_lib_init_signal_1                   0x0800025f   Thumb Code     0  libinit2.o(.ARM.Collect$$libinit$$0000001F)
    __rt_lib_init_stdio_1                    0x0800025f   Thumb Code     0  libinit2.o(.ARM.Collect$$libinit$$00000027)
    __rt_lib_shutdown                        0x08000261   Thumb Code     0  libshutdown.o(.ARM.Collect$$libshutdown$$00000000)
    __rt_lib_shutdown_cpp_1                  0x08000263   Thumb Code     0  libshutdown2.o(.ARM.Collect$$libshutdown$$00000002)
    __rt_lib_shutdown_fp_trap_1              0x08000263   Thumb Code     0  libshutdown2.o(.ARM.Collect$$libshutdown$$00000007)
    __rt_lib_shutdown_heap_1                 0x08000263   Thumb Code     0  libshutdown2.o(.ARM.Collect$$libshutdown$$0000000F)
    __rt_lib_shutdown_return                 0x08000263   Thumb Code     0  libshutdown2.o(.ARM.Collect$$libshutdown$$00000010)
    __rt_lib_shutdown_signal_1               0x08000263   Thumb Code     0  libshutdown2.o(.ARM.Collect$$libshutdown$$0000000A)
    __rt_lib_shutdown_stdio_1                0x08000263   Thumb Code     0  libshutdown2.o(.ARM.Collect$$libshutdown$$00000004)
    __rt_lib_shutdown_user_alloc_1           0x08000263   Thumb Code     0  libshutdown2.o(.ARM.Collect$$libshutdown$$0000000C)
    __rt_entry                               0x08000265   Thumb Code     0  __rtentry.o(.ARM.Collect$$rtentry$$00000000)
    __rt_entry_presh_1                       0x08000265   Thumb Code     0  __rtentry2.o(.ARM.Collect$$rtentry$$00000002)
    __rt_entry_sh                            0x08000265   Thumb Code     0  __rtentry4.o(.ARM.Collect$$rtentry$$00000004)
    __rt_entry_li                            0x0800026b   Thumb Code     0  __rtentry2.o(.ARM.Collect$$rtentry$$0000000A)
    __rt_entry_postsh_1                      0x0800026b   Thumb Code     0  __rtentry2.o(.ARM.Collect$$rtentry$$00000009)
    __rt_entry_main                          0x0800026f   Thumb Code     0  __rtentry2.o(.ARM.Collect$$rtentry$$0000000D)
    __rt_entry_postli_1                      0x0800026f   Thumb Code     0  __rtentry2.o(.ARM.Collect$$rtentry$$0000000C)
    __rt_exit                                0x08000277   Thumb Code     0  rtexit.o(.ARM.Collect$$rtexit$$00000000)
    __rt_exit_ls                             0x08000279   Thumb Code     0  rtexit2.o(.ARM.Collect$$rtexit$$00000003)
    __rt_exit_prels_1                        0x08000279   Thumb Code     0  rtexit2.o(.ARM.Collect$$rtexit$$00000002)
    __rt_exit_exit                           0x0800027d   Thumb Code     0  rtexit2.o(.ARM.Collect$$rtexit$$00000004)
    Reset_Handler                            0x08000285   Thumb Code     8  startup_stm32f411xe.o(.text)
    ADC_IRQHandler                           0x0800029f   Thumb Code     0  startup_stm32f411xe.o(.text)
    DMA1_Stream0_IRQHandler                  0x0800029f   Thumb Code     0  startup_stm32f411xe.o(.text)
    DMA1_Stream1_IRQHandler                  0x0800029f   Thumb Code     0  startup_stm32f411xe.o(.text)
    DMA1_Stream2_IRQHandler                  0x0800029f   Thumb Code     0  startup_stm32f411xe.o(.text)
    DMA1_Stream3_IRQHandler                  0x0800029f   Thumb Code     0  startup_stm32f411xe.o(.text)
    DMA1_Stream4_IRQHandler                  0x0800029f   Thumb Code     0  startup_stm32f411xe.o(.text)
    DMA1_Stream5_IRQHandler                  0x0800029f   Thumb Code     0  startup_stm32f411xe.o(.text)
    DMA1_Stream6_IRQHandler                  0x0800029f   Thumb Code     0  startup_stm32f411xe.o(.text)
    DMA1_Stream7_IRQHandler                  0x0800029f   Thumb Code     0  startup_stm32f411xe.o(.text)
    DMA2_Stream0_IRQHandler                  0x0800029f   Thumb Code     0  startup_stm32f411xe.o(.text)
    DMA2_Stream1_IRQHandler                  0x0800029f   Thumb Code     0  startup_stm32f411xe.o(.text)
    DMA2_Stream2_IRQHandler                  0x0800029f   Thumb Code     0  startup_stm32f411xe.o(.text)
    DMA2_Stream3_IRQHandler                  0x0800029f   Thumb Code     0  startup_stm32f411xe.o(.text)
    DMA2_Stream4_IRQHandler                  0x0800029f   Thumb Code     0  startup_stm32f411xe.o(.text)
    DMA2_Stream5_IRQHandler                  0x0800029f   Thumb Code     0  startup_stm32f411xe.o(.text)
    DMA2_Stream6_IRQHandler                  0x0800029f   Thumb Code     0  startup_stm32f411xe.o(.text)
    DMA2_Stream7_IRQHandler                  0x0800029f   Thumb Code     0  startup_stm32f411xe.o(.text)
    EXTI0_IRQHandler                         0x0800029f   Thumb Code     0  startup_stm32f411xe.o(.text)
    EXTI15_10_IRQHandler                     0x0800029f   Thumb Code     0  startup_stm32f411xe.o(.text)
    EXTI1_IRQHandler                         0x0800029f   Thumb Code     0  startup_stm32f411xe.o(.text)
    EXTI2_IRQHandler                         0x0800029f   Thumb Code     0  startup_stm32f411xe.o(.text)
    EXTI3_IRQHandler                         0x0800029f   Thumb Code     0  startup_stm32f411xe.o(.text)
    EXTI4_IRQHandler                         0x0800029f   Thumb Code     0  startup_stm32f411xe.o(.text)
    EXTI9_5_IRQHandler                       0x0800029f   Thumb Code     0  startup_stm32f411xe.o(.text)
    FLASH_IRQHandler                         0x0800029f   Thumb Code     0  startup_stm32f411xe.o(.text)
    FPU_IRQHandler                           0x0800029f   Thumb Code     0  startup_stm32f411xe.o(.text)
    I2C1_ER_IRQHandler                       0x0800029f   Thumb Code     0  startup_stm32f411xe.o(.text)
    I2C1_EV_IRQHandler                       0x0800029f   Thumb Code     0  startup_stm32f411xe.o(.text)
    I2C2_ER_IRQHandler                       0x0800029f   Thumb Code     0  startup_stm32f411xe.o(.text)
    I2C2_EV_IRQHandler                       0x0800029f   Thumb Code     0  startup_stm32f411xe.o(.text)
    I2C3_ER_IRQHandler                       0x0800029f   Thumb Code     0  startup_stm32f411xe.o(.text)
    I2C3_EV_IRQHandler                       0x0800029f   Thumb Code     0  startup_stm32f411xe.o(.text)
    OTG_FS_IRQHandler                        0x0800029f   Thumb Code     0  startup_stm32f411xe.o(.text)
    OTG_FS_WKUP_IRQHandler                   0x0800029f   Thumb Code     0  startup_stm32f411xe.o(.text)
    PVD_IRQHandler                           0x0800029f   Thumb Code     0  startup_stm32f411xe.o(.text)
    RCC_IRQHandler                           0x0800029f   Thumb Code     0  startup_stm32f411xe.o(.text)
    RTC_Alarm_IRQHandler                     0x0800029f   Thumb Code     0  startup_stm32f411xe.o(.text)
    RTC_WKUP_IRQHandler                      0x0800029f   Thumb Code     0  startup_stm32f411xe.o(.text)
    SDIO_IRQHandler                          0x0800029f   Thumb Code     0  startup_stm32f411xe.o(.text)
    SPI1_IRQHandler                          0x0800029f   Thumb Code     0  startup_stm32f411xe.o(.text)
    SPI2_IRQHandler                          0x0800029f   Thumb Code     0  startup_stm32f411xe.o(.text)
    SPI3_IRQHandler                          0x0800029f   Thumb Code     0  startup_stm32f411xe.o(.text)
    SPI4_IRQHandler                          0x0800029f   Thumb Code     0  startup_stm32f411xe.o(.text)
    SPI5_IRQHandler                          0x0800029f   Thumb Code     0  startup_stm32f411xe.o(.text)
    TAMP_STAMP_IRQHandler                    0x0800029f   Thumb Code     0  startup_stm32f411xe.o(.text)
    TIM1_BRK_TIM9_IRQHandler                 0x0800029f   Thumb Code     0  startup_stm32f411xe.o(.text)
    TIM1_CC_IRQHandler                       0x0800029f   Thumb Code     0  startup_stm32f411xe.o(.text)
    TIM1_UP_TIM10_IRQHandler                 0x0800029f   Thumb Code     0  startup_stm32f411xe.o(.text)
    TIM2_IRQHandler                          0x0800029f   Thumb Code     0  startup_stm32f411xe.o(.text)
    TIM3_IRQHandler                          0x0800029f   Thumb Code     0  startup_stm32f411xe.o(.text)
    TIM4_IRQHandler                          0x0800029f   Thumb Code     0  startup_stm32f411xe.o(.text)
    TIM5_IRQHandler                          0x0800029f   Thumb Code     0  startup_stm32f411xe.o(.text)
    USART1_IRQHandler                        0x0800029f   Thumb Code     0  startup_stm32f411xe.o(.text)
    USART2_IRQHandler                        0x0800029f   Thumb Code     0  startup_stm32f411xe.o(.text)
    USART6_IRQHandler                        0x0800029f   Thumb Code     0  startup_stm32f411xe.o(.text)
    WWDG_IRQHandler                          0x0800029f   Thumb Code     0  startup_stm32f411xe.o(.text)
    __user_initial_stackheap                 0x080002a1   Thumb Code     0  startup_stm32f411xe.o(.text)
    __aeabi_uldivmod                         0x080002c5   Thumb Code     0  lludivv7m.o(.text)
    _ll_udiv                                 0x080002c5   Thumb Code   240  lludivv7m.o(.text)
    __2sprintf                               0x080003b5   Thumb Code    34  noretval__2sprintf.o(.text)
    _printf_pre_padding                      0x080003dd   Thumb Code    44  _printf_pad.o(.text)
    _printf_post_padding                     0x08000409   Thumb Code    34  _printf_pad.o(.text)
    _printf_int_dec                          0x0800042d   Thumb Code   104  _printf_dec.o(.text)
    __printf                                 0x080004a5   Thumb Code   270  __printf_wp.o(.text)
    __aeabi_memclr4                          0x080005b3   Thumb Code     0  rt_memclr_w.o(.text)
    __aeabi_memclr8                          0x080005b3   Thumb Code     0  rt_memclr_w.o(.text)
    __rt_memclr_w                            0x080005b3   Thumb Code     0  rt_memclr_w.o(.text)
    _memset_w                                0x080005b7   Thumb Code    74  rt_memclr_w.o(.text)
    __use_two_region_memory                  0x08000601   Thumb Code     2  heapauxi.o(.text)
    __rt_heap_escrow$2region                 0x08000603   Thumb Code     2  heapauxi.o(.text)
    __rt_heap_expand$2region                 0x08000605   Thumb Code     2  heapauxi.o(.text)
    _printf_int_common                       0x08000607   Thumb Code   178  _printf_intcommon.o(.text)
    _printf_fp_dec_real                      0x08000869   Thumb Code   620  _printf_fp_dec.o(.text)
    _printf_char_common                      0x08000adf   Thumb Code    32  _printf_char_common.o(.text)
    _sputc                                   0x08000b05   Thumb Code    10  _sputc.o(.text)
    __rt_locale                              0x08000b11   Thumb Code     8  rt_locale_intlibspace.o(.text)
    _ll_udiv10                               0x08000b19   Thumb Code   138  lludiv10.o(.text)
    _printf_fp_infnan                        0x08000ba5   Thumb Code   112  _printf_fp_infnan.o(.text)
    _btod_etento                             0x08000c25   Thumb Code   224  bigflt0.o(.text)
    __user_libspace                          0x08000d09   Thumb Code     8  libspace.o(.text)
    __user_perproc_libspace                  0x08000d09   Thumb Code     0  libspace.o(.text)
    __user_perthread_libspace                0x08000d09   Thumb Code     0  libspace.o(.text)
    __user_setup_stackheap                   0x08000d11   Thumb Code    74  sys_stackheap_outer.o(.text)
    exit                                     0x08000d5b   Thumb Code    18  exit.o(.text)
    strcmp                                   0x08000d71   Thumb Code   124  strcmpv7em.o(.text)
    _sys_exit                                0x08000ded   Thumb Code     8  sys_exit.o(.text)
    __I$use$semihosting                      0x08000df9   Thumb Code     0  use_no_semi.o(.text)
    __use_no_semihosting_swi                 0x08000df9   Thumb Code     2  use_no_semi.o(.text)
    __semihosting_library_function           0x08000dfb   Thumb Code     0  indicate_semi.o(.text)
    BSP_OLED_CLS                             0x08000dfd   Thumb Code  1166  bsp_oled.o(.text.BSP_OLED_CLS)
    BSP_OLED_Init                            0x0800128d   Thumb Code  2108  bsp_oled.o(.text.BSP_OLED_Init)
    BSP_OLED_Refresh                         0x08001ac9   Thumb Code   432  bsp_oled.o(.text.BSP_OLED_Refresh)
    BSP_OLED_ShowChar                        0x08001c79   Thumb Code   682  bsp_oled.o(.text.BSP_OLED_ShowChar)
    BSP_OLED_ShowString                      0x08001f25   Thumb Code    54  bsp_oled.o(.text.BSP_OLED_ShowString)
    BSP_UpdateSensorValue                    0x08001f61   Thumb Code  1100  bsp_sensor_lm75.o(.text.BSP_UpdateSensorValue)
    BusFault_Handler                         0x080023ad   Thumb Code     2  stm32f4xx_it.o(.text.BusFault_Handler)
    DebugMon_Handler                         0x080023b1   Thumb Code     2  stm32f4xx_it.o(.text.DebugMon_Handler)
    HAL_ADC_ConfigChannel                    0x080023b5   Thumb Code   368  stm32f4xx_hal_adc.o(.text.HAL_ADC_ConfigChannel)
    HAL_ADC_GetValue                         0x08002525   Thumb Code     6  stm32f4xx_hal_adc.o(.text.HAL_ADC_GetValue)
    HAL_ADC_Init                             0x0800252d   Thumb Code   350  stm32f4xx_hal_adc.o(.text.HAL_ADC_Init)
    HAL_ADC_MspInit                          0x0800268d   Thumb Code   100  stm32f4xx_hal_msp.o(.text.HAL_ADC_MspInit)
    HAL_ADC_Start                            0x080026f1   Thumb Code   270  stm32f4xx_hal_adc.o(.text.HAL_ADC_Start)
    HAL_Delay                                0x08002801   Thumb Code    40  stm32f4xx_hal.o(.text.HAL_Delay)
    HAL_GPIO_Init                            0x08002829   Thumb Code   414  stm32f4xx_hal_gpio.o(.text.HAL_GPIO_Init)
    HAL_GPIO_WritePin                        0x080029c9   Thumb Code    10  stm32f4xx_hal_gpio.o(.text.HAL_GPIO_WritePin)
    HAL_GetTick                              0x080029d5   Thumb Code    12  stm32f4xx_hal.o(.text.HAL_GetTick)
    HAL_I2C_Init                             0x080029e1   Thumb Code   356  stm32f4xx_hal_i2c.o(.text.HAL_I2C_Init)
    HAL_I2C_Mem_Read                         0x08002b45   Thumb Code   874  stm32f4xx_hal_i2c.o(.text.HAL_I2C_Mem_Read)
    HAL_I2C_MspInit                          0x08002eb1   Thumb Code   108  stm32f4xx_hal_msp.o(.text.HAL_I2C_MspInit)
    HAL_IncTick                              0x08002f1d   Thumb Code    26  stm32f4xx_hal.o(.text.HAL_IncTick)
    HAL_Init                                 0x08002f39   Thumb Code    54  stm32f4xx_hal.o(.text.HAL_Init)
    HAL_InitTick                             0x08002f71   Thumb Code    72  stm32f4xx_hal.o(.text.HAL_InitTick)
    HAL_MspInit                              0x08002fb9   Thumb Code    60  stm32f4xx_hal_msp.o(.text.HAL_MspInit)
    HAL_NVIC_EnableIRQ                       0x08002ff5   Thumb Code    34  stm32f4xx_hal_cortex.o(.text.HAL_NVIC_EnableIRQ)
    HAL_NVIC_SetPriority                     0x08003019   Thumb Code    86  stm32f4xx_hal_cortex.o(.text.HAL_NVIC_SetPriority)
    HAL_NVIC_SetPriorityGrouping             0x08003071   Thumb Code    32  stm32f4xx_hal_cortex.o(.text.HAL_NVIC_SetPriorityGrouping)
    HAL_RCC_ClockConfig                      0x08003091   Thumb Code   356  stm32f4xx_hal_rcc.o(.text.HAL_RCC_ClockConfig)
    HAL_RCC_GetPCLK1Freq                     0x080031f5   Thumb Code    38  stm32f4xx_hal_rcc.o(.text.HAL_RCC_GetPCLK1Freq)
    HAL_RCC_GetPCLK2Freq                     0x0800321d   Thumb Code    38  stm32f4xx_hal_rcc.o(.text.HAL_RCC_GetPCLK2Freq)
    HAL_RCC_GetSysClockFreq                  0x08003245   Thumb Code   108  stm32f4xx_hal_rcc.o(.text.HAL_RCC_GetSysClockFreq)
    HAL_RCC_OscConfig                        0x080032b1   Thumb Code   944  stm32f4xx_hal_rcc.o(.text.HAL_RCC_OscConfig)
    HAL_SPI_Init                             0x08003661   Thumb Code   180  stm32f4xx_hal_spi.o(.text.HAL_SPI_Init)
    HAL_SPI_MspInit                          0x08003715   Thumb Code   106  stm32f4xx_hal_msp.o(.text.HAL_SPI_MspInit)
    HAL_SPI_Transmit                         0x08003781   Thumb Code   590  stm32f4xx_hal_spi.o(.text.HAL_SPI_Transmit)
    HAL_SYSTICK_Config                       0x080039d1   Thumb Code    44  stm32f4xx_hal_cortex.o(.text.HAL_SYSTICK_Config)
    HAL_TIMEx_BreakCallback                  0x080039fd   Thumb Code     2  stm32f4xx_hal_tim_ex.o(.text.HAL_TIMEx_BreakCallback)
    HAL_TIMEx_CommutCallback                 0x08003a01   Thumb Code     2  stm32f4xx_hal_tim_ex.o(.text.HAL_TIMEx_CommutCallback)
    HAL_TIM_Base_Init                        0x08003a05   Thumb Code   316  stm32f4xx_hal_tim.o(.text.HAL_TIM_Base_Init)
    HAL_TIM_Base_MspInit                     0x08003b41   Thumb Code    72  stm32f4xx_hal_msp.o(.text.HAL_TIM_Base_MspInit)
    HAL_TIM_Base_Start_IT                    0x08003b89   Thumb Code   132  stm32f4xx_hal_tim.o(.text.HAL_TIM_Base_Start_IT)
    HAL_TIM_IC_CaptureCallback               0x08003c0d   Thumb Code     2  stm32f4xx_hal_tim.o(.text.HAL_TIM_IC_CaptureCallback)
    HAL_TIM_IRQHandler                       0x08003c11   Thumb Code   368  stm32f4xx_hal_tim.o(.text.HAL_TIM_IRQHandler)
    HAL_TIM_OC_DelayElapsedCallback          0x08003d81   Thumb Code     2  stm32f4xx_hal_tim.o(.text.HAL_TIM_OC_DelayElapsedCallback)
    HAL_TIM_PWM_PulseFinishedCallback        0x08003d85   Thumb Code     2  stm32f4xx_hal_tim.o(.text.HAL_TIM_PWM_PulseFinishedCallback)
    HAL_TIM_PeriodElapsedCallback            0x08003d89   Thumb Code    92  timer.o(.text.HAL_TIM_PeriodElapsedCallback)
    HAL_TIM_TriggerCallback                  0x08003de5   Thumb Code     2  stm32f4xx_hal_tim.o(.text.HAL_TIM_TriggerCallback)
    HAL_UART_Init                            0x08003de9   Thumb Code    94  stm32f4xx_hal_uart.o(.text.HAL_UART_Init)
    HAL_UART_MspInit                         0x08003e49   Thumb Code   108  stm32f4xx_hal_msp.o(.text.HAL_UART_MspInit)
    HardFault_Handler                        0x08003eb5   Thumb Code     2  stm32f4xx_it.o(.text.HardFault_Handler)
    MemManage_Handler                        0x080043d5   Thumb Code     2  stm32f4xx_it.o(.text.MemManage_Handler)
    NMI_Handler                              0x080043d9   Thumb Code     2  stm32f4xx_it.o(.text.NMI_Handler)
    PendSV_Handler                           0x080043dd   Thumb Code     2  stm32f4xx_it.o(.text.PendSV_Handler)
    SVC_Handler                              0x080044c5   Thumb Code     2  stm32f4xx_it.o(.text.SVC_Handler)
    SysTick_Handler                          0x080044c9   Thumb Code     4  stm32f4xx_it.o(.text.SysTick_Handler)
    SystemInit                               0x080044cd   Thumb Code    18  system_stm32f4xx.o(.text.SystemInit)
    TIM1_TRG_COM_TIM11_IRQHandler            0x080044e1   Thumb Code    12  stm32f4xx_it.o(.text.TIM1_TRG_COM_TIM11_IRQHandler)
    UsageFault_Handler                       0x080045dd   Thumb Code     2  stm32f4xx_it.o(.text.UsageFault_Handler)
    main                                     0x080045e1   Thumb Code   812  main.o(.text.main)
    userApp_2                                0x08004931   Thumb Code   160  userapp.o(.text.userApp_2)
    _btod_d2e                                0x080049ed   Thumb Code    62  btod.o(CL$$btod_d2e)
    _d2e_denorm_low                          0x08004a2b   Thumb Code    70  btod.o(CL$$btod_d2e_denorm_low)
    _d2e_norm_op1                            0x08004a71   Thumb Code    96  btod.o(CL$$btod_d2e_norm_op1)
    __btod_div_common                        0x08004ad1   Thumb Code   696  btod.o(CL$$btod_div_common)
    _e2e                                     0x08004e09   Thumb Code   220  btod.o(CL$$btod_e2e)
    _btod_ediv                               0x08004ee5   Thumb Code    42  btod.o(CL$$btod_ediv)
    _btod_emul                               0x08004f0f   Thumb Code    42  btod.o(CL$$btod_emul)
    __btod_mult_common                       0x08004f39   Thumb Code   580  btod.o(CL$$btod_mult_common)
    __ARM_fpclassify                         0x0800517d   Thumb Code    48  fpclassify.o(i.__ARM_fpclassify)
    _is_digit                                0x080051ad   Thumb Code    14  __printf_wp.o(i._is_digit)
    _get_lc_numeric                          0x080051bd   Thumb Code    44  lc_numeric_c.o(locale$$code)
    __aeabi_d2f                              0x080051e9   Thumb Code     0  d2f.o(x$fpl$d2f)
    _d2f                                     0x080051e9   Thumb Code    98  d2f.o(x$fpl$d2f)
    __aeabi_i2d                              0x0800524b   Thumb Code     0  dflt_clz.o(x$fpl$dflt)
    _dflt                                    0x0800524b   Thumb Code    46  dflt_clz.o(x$fpl$dflt)
    __aeabi_dmul                             0x08005279   Thumb Code     0  dmul.o(x$fpl$dmul)
    _dmul                                    0x08005279   Thumb Code   332  dmul.o(x$fpl$dmul)
    __fpl_dnaninf                            0x080053cd   Thumb Code   156  dnaninf.o(x$fpl$dnaninf)
    __fpl_dretinf                            0x08005469   Thumb Code    12  dretinf.o(x$fpl$dretinf)
    __aeabi_f2d                              0x08005475   Thumb Code     0  f2d.o(x$fpl$f2d)
    _f2d                                     0x08005475   Thumb Code    86  f2d.o(x$fpl$f2d)
    __fpl_fnaninf                            0x080054cb   Thumb Code   140  fnaninf.o(x$fpl$fnaninf)
    _fp_init                                 0x08005557   Thumb Code    26  fpinit.o(x$fpl$fpinit)
    __fplib_config_fpu_vfp                   0x0800556f   Thumb Code     0  fpinit.o(x$fpl$fpinit)
    __fplib_config_pureend_doubles           0x0800556f   Thumb Code     0  fpinit.o(x$fpl$fpinit)
    __fpl_fretinf                            0x08005571   Thumb Code    10  fretinf.o(x$fpl$fretinf)
    _printf_fp_dec                           0x0800557b   Thumb Code     4  printf1.o(x$fpl$printf1)
    __I$use$fp                               0x0800557e   Number         0  usenofp.o(x$fpl$usenofp)
    AHBPrescTable                            0x08005614   Data          16  system_stm32f4xx.o(.rodata.AHBPrescTable)
    APBPrescTable                            0x08005624   Data           8  system_stm32f4xx.o(.rodata.APBPrescTable)
    F8X16                                    0x0800562c   Data        1520  bsp_oled.o(.rodata.F8X16)
    Region$$Table$$Base                      0x08005c1c   Number         0  anon$$obj.o(Region$$Table)
    Region$$Table$$Limit                     0x08005c3c   Number         0  anon$$obj.o(Region$$Table)
    uwTickFreq                               0x20000000   Data           1  stm32f4xx_hal.o(.data..L_MergedGlobals)
    uwTickPrio                               0x20000004   Data           4  stm32f4xx_hal.o(.data..L_MergedGlobals)
    SystemCoreClock                          0x20000008   Data           4  system_stm32f4xx.o(.data.SystemCoreClock)
    __libspace_start                         0x20000010   Data          96  libspace.o(.bss)
    __temporary_stack_top$libspace           0x20000070   Data           0  libspace.o(.bss)
    huart1                                   0x20000080   Data          68  main.o(.bss..L_MergedGlobals)
    LEDUpdateFlag                            0x200000c4   Data           1  timer.o(.bss..L_MergedGlobals)
    OLEDUpdateFlag                           0x200000c5   Data           1  timer.o(.bss..L_MergedGlobals)
    Tim11Counter                             0x200000c8   Data          16  timer.o(.bss..L_MergedGlobals)
    OLED_DispBuf                             0x200000d8   Data        1024  bsp_oled.o(.bss.OLED_DispBuf)
    hadc1                                    0x200004dc   Data          72  main.o(.bss.hadc1)
    hi2c1                                    0x20000524   Data          84  main.o(.bss.hi2c1)
    hspi1                                    0x20000578   Data          88  main.o(.bss.hspi1)
    htim11                                   0x200005d0   Data          72  main.o(.bss.htim11)
    uwTick                                   0x20000618   Data           4  stm32f4xx_hal.o(.bss.uwTick)



==============================================================================

Memory Map of the image

  Image Entry point : 0x08000199

  Load Region LR_IROM1 (Base: 0x08000000, Size: 0x00005c68, Max: 0x00080000, ABSOLUTE)

    Execution Region ER_IROM1 (Exec base: 0x08000000, Load base: 0x08000000, Size: 0x00005c58, Max: 0x00080000, ABSOLUTE)

    Exec Addr    Load Addr    Size         Type   Attr      Idx    E Section Name        Object

    0x08000000   0x08000000   0x00000198   Data   RO            3    RESET               startup_stm32f411xe.o
    0x08000198   0x08000198   0x00000008   Code   RO         1428  * !!!main             c_w.l(__main.o)
    0x080001a0   0x080001a0   0x0000005c   Code   RO         1688    !!!scatter          c_w.l(__scatter.o)
    0x080001fc   0x080001fc   0x0000001a   Code   RO         1692    !!handler_copy      c_w.l(__scatter_copy.o)
    0x08000216   0x08000216   0x00000002   PAD
    0x08000218   0x08000218   0x00000002   Code   RO         1689    !!handler_null      c_w.l(__scatter.o)
    0x0800021a   0x0800021a   0x00000002   PAD
    0x0800021c   0x0800021c   0x0000001c   Code   RO         1694    !!handler_zi        c_w.l(__scatter_zi.o)
    0x08000238   0x08000238   0x00000000   Code   RO         1423    .ARM.Collect$$_printf_percent$$00000000  c_w.l(_printf_percent.o)
    0x08000238   0x08000238   0x00000006   Code   RO         1422    .ARM.Collect$$_printf_percent$$00000003  c_w.l(_printf_f.o)
    0x0800023e   0x0800023e   0x00000006   Code   RO         1421    .ARM.Collect$$_printf_percent$$00000009  c_w.l(_printf_d.o)
    0x08000244   0x08000244   0x00000004   Code   RO         1459    .ARM.Collect$$_printf_percent$$00000017  c_w.l(_printf_percent_end.o)
    0x08000248   0x08000248   0x00000002   Code   RO         1551    .ARM.Collect$$libinit$$00000000  c_w.l(libinit.o)
    0x0800024a   0x0800024a   0x00000004   Code   RO         1552    .ARM.Collect$$libinit$$00000001  c_w.l(libinit2.o)
    0x0800024e   0x0800024e   0x00000000   Code   RO         1555    .ARM.Collect$$libinit$$00000004  c_w.l(libinit2.o)
    0x0800024e   0x0800024e   0x00000000   Code   RO         1557    .ARM.Collect$$libinit$$00000006  c_w.l(libinit2.o)
    0x0800024e   0x0800024e   0x00000000   Code   RO         1560    .ARM.Collect$$libinit$$0000000C  c_w.l(libinit2.o)
    0x0800024e   0x0800024e   0x00000000   Code   RO         1562    .ARM.Collect$$libinit$$0000000E  c_w.l(libinit2.o)
    0x0800024e   0x0800024e   0x00000000   Code   RO         1564    .ARM.Collect$$libinit$$00000010  c_w.l(libinit2.o)
    0x0800024e   0x0800024e   0x00000006   Code   RO         1565    .ARM.Collect$$libinit$$00000011  c_w.l(libinit2.o)
    0x08000254   0x08000254   0x00000000   Code   RO         1567    .ARM.Collect$$libinit$$00000013  c_w.l(libinit2.o)
    0x08000254   0x08000254   0x00000000   Code   RO         1569    .ARM.Collect$$libinit$$00000015  c_w.l(libinit2.o)
    0x08000254   0x08000254   0x00000000   Code   RO         1571    .ARM.Collect$$libinit$$00000017  c_w.l(libinit2.o)
    0x08000254   0x08000254   0x0000000a   Code   RO         1572    .ARM.Collect$$libinit$$00000018  c_w.l(libinit2.o)
    0x0800025e   0x0800025e   0x00000000   Code   RO         1573    .ARM.Collect$$libinit$$00000019  c_w.l(libinit2.o)
    0x0800025e   0x0800025e   0x00000000   Code   RO         1575    .ARM.Collect$$libinit$$0000001B  c_w.l(libinit2.o)
    0x0800025e   0x0800025e   0x00000000   Code   RO         1577    .ARM.Collect$$libinit$$0000001D  c_w.l(libinit2.o)
    0x0800025e   0x0800025e   0x00000000   Code   RO         1579    .ARM.Collect$$libinit$$0000001F  c_w.l(libinit2.o)
    0x0800025e   0x0800025e   0x00000000   Code   RO         1581    .ARM.Collect$$libinit$$00000021  c_w.l(libinit2.o)
    0x0800025e   0x0800025e   0x00000000   Code   RO         1583    .ARM.Collect$$libinit$$00000023  c_w.l(libinit2.o)
    0x0800025e   0x0800025e   0x00000000   Code   RO         1585    .ARM.Collect$$libinit$$00000025  c_w.l(libinit2.o)
    0x0800025e   0x0800025e   0x00000000   Code   RO         1587    .ARM.Collect$$libinit$$00000027  c_w.l(libinit2.o)
    0x0800025e   0x0800025e   0x00000000   Code   RO         1591    .ARM.Collect$$libinit$$0000002E  c_w.l(libinit2.o)
    0x0800025e   0x0800025e   0x00000000   Code   RO         1593    .ARM.Collect$$libinit$$00000030  c_w.l(libinit2.o)
    0x0800025e   0x0800025e   0x00000000   Code   RO         1595    .ARM.Collect$$libinit$$00000032  c_w.l(libinit2.o)
    0x0800025e   0x0800025e   0x00000000   Code   RO         1597    .ARM.Collect$$libinit$$00000034  c_w.l(libinit2.o)
    0x0800025e   0x0800025e   0x00000002   Code   RO         1598    .ARM.Collect$$libinit$$00000035  c_w.l(libinit2.o)
    0x08000260   0x08000260   0x00000002   Code   RO         1653    .ARM.Collect$$libshutdown$$00000000  c_w.l(libshutdown.o)
    0x08000262   0x08000262   0x00000000   Code   RO         1671    .ARM.Collect$$libshutdown$$00000002  c_w.l(libshutdown2.o)
    0x08000262   0x08000262   0x00000000   Code   RO         1673    .ARM.Collect$$libshutdown$$00000004  c_w.l(libshutdown2.o)
    0x08000262   0x08000262   0x00000000   Code   RO         1676    .ARM.Collect$$libshutdown$$00000007  c_w.l(libshutdown2.o)
    0x08000262   0x08000262   0x00000000   Code   RO         1679    .ARM.Collect$$libshutdown$$0000000A  c_w.l(libshutdown2.o)
    0x08000262   0x08000262   0x00000000   Code   RO         1681    .ARM.Collect$$libshutdown$$0000000C  c_w.l(libshutdown2.o)
    0x08000262   0x08000262   0x00000000   Code   RO         1684    .ARM.Collect$$libshutdown$$0000000F  c_w.l(libshutdown2.o)
    0x08000262   0x08000262   0x00000002   Code   RO         1685    .ARM.Collect$$libshutdown$$00000010  c_w.l(libshutdown2.o)
    0x08000264   0x08000264   0x00000000   Code   RO         1444    .ARM.Collect$$rtentry$$00000000  c_w.l(__rtentry.o)
    0x08000264   0x08000264   0x00000000   Code   RO         1470    .ARM.Collect$$rtentry$$00000002  c_w.l(__rtentry2.o)
    0x08000264   0x08000264   0x00000006   Code   RO         1482    .ARM.Collect$$rtentry$$00000004  c_w.l(__rtentry4.o)
    0x0800026a   0x0800026a   0x00000000   Code   RO         1472    .ARM.Collect$$rtentry$$00000009  c_w.l(__rtentry2.o)
    0x0800026a   0x0800026a   0x00000004   Code   RO         1473    .ARM.Collect$$rtentry$$0000000A  c_w.l(__rtentry2.o)
    0x0800026e   0x0800026e   0x00000000   Code   RO         1475    .ARM.Collect$$rtentry$$0000000C  c_w.l(__rtentry2.o)
    0x0800026e   0x0800026e   0x00000008   Code   RO         1476    .ARM.Collect$$rtentry$$0000000D  c_w.l(__rtentry2.o)
    0x08000276   0x08000276   0x00000002   Code   RO         1599    .ARM.Collect$$rtexit$$00000000  c_w.l(rtexit.o)
    0x08000278   0x08000278   0x00000000   Code   RO         1618    .ARM.Collect$$rtexit$$00000002  c_w.l(rtexit2.o)
    0x08000278   0x08000278   0x00000004   Code   RO         1619    .ARM.Collect$$rtexit$$00000003  c_w.l(rtexit2.o)
    0x0800027c   0x0800027c   0x00000006   Code   RO         1620    .ARM.Collect$$rtexit$$00000004  c_w.l(rtexit2.o)
    0x08000282   0x08000282   0x00000002   PAD
    0x08000284   0x08000284   0x00000040   Code   RO            4    .text               startup_stm32f411xe.o
    0x080002c4   0x080002c4   0x000000f0   Code   RO         1389    .text               c_w.l(lludivv7m.o)
    0x080003b4   0x080003b4   0x00000028   Code   RO         1393    .text               c_w.l(noretval__2sprintf.o)
    0x080003dc   0x080003dc   0x0000004e   Code   RO         1397    .text               c_w.l(_printf_pad.o)
    0x0800042a   0x0800042a   0x00000002   PAD
    0x0800042c   0x0800042c   0x00000078   Code   RO         1399    .text               c_w.l(_printf_dec.o)
    0x080004a4   0x080004a4   0x0000010e   Code   RO         1409    .text               c_w.l(__printf_wp.o)
    0x080005b2   0x080005b2   0x0000004e   Code   RO         1424    .text               c_w.l(rt_memclr_w.o)
    0x08000600   0x08000600   0x00000006   Code   RO         1426    .text               c_w.l(heapauxi.o)
    0x08000606   0x08000606   0x000000b2   Code   RO         1449    .text               c_w.l(_printf_intcommon.o)
    0x080006b8   0x080006b8   0x0000041c   Code   RO         1451    .text               c_w.l(_printf_fp_dec.o)
    0x08000ad4   0x08000ad4   0x00000030   Code   RO         1455    .text               c_w.l(_printf_char_common.o)
    0x08000b04   0x08000b04   0x0000000a   Code   RO         1457    .text               c_w.l(_sputc.o)
    0x08000b0e   0x08000b0e   0x00000002   PAD
    0x08000b10   0x08000b10   0x00000008   Code   RO         1489    .text               c_w.l(rt_locale_intlibspace.o)
    0x08000b18   0x08000b18   0x0000008a   Code   RO         1491    .text               c_w.l(lludiv10.o)
    0x08000ba2   0x08000ba2   0x00000002   PAD
    0x08000ba4   0x08000ba4   0x00000080   Code   RO         1493    .text               c_w.l(_printf_fp_infnan.o)
    0x08000c24   0x08000c24   0x000000e4   Code   RO         1497    .text               c_w.l(bigflt0.o)
    0x08000d08   0x08000d08   0x00000008   Code   RO         1531    .text               c_w.l(libspace.o)
    0x08000d10   0x08000d10   0x0000004a   Code   RO         1534    .text               c_w.l(sys_stackheap_outer.o)
    0x08000d5a   0x08000d5a   0x00000012   Code   RO         1538    .text               c_w.l(exit.o)
    0x08000d6c   0x08000d6c   0x00000004   PAD
    0x08000d70   0x08000d70   0x0000007c   Code   RO         1544    .text               c_w.l(strcmpv7em.o)
    0x08000dec   0x08000dec   0x0000000c   Code   RO         1613    .text               c_w.l(sys_exit.o)
    0x08000df8   0x08000df8   0x00000002   Code   RO         1640    .text               c_w.l(use_no_semi.o)
    0x08000dfa   0x08000dfa   0x00000000   Code   RO         1642    .text               c_w.l(indicate_semi.o)
    0x08000dfa   0x08000dfa   0x00000002   PAD
    0x08000dfc   0x08000dfc   0x0000048e   Code   RO         1329    .text.BSP_OLED_CLS  bsp_oled.o
    0x0800128a   0x0800128a   0x00000002   PAD
    0x0800128c   0x0800128c   0x0000083c   Code   RO         1327    .text.BSP_OLED_Init  bsp_oled.o
    0x08001ac8   0x08001ac8   0x000001b0   Code   RO         1331    .text.BSP_OLED_Refresh  bsp_oled.o
    0x08001c78   0x08001c78   0x000002aa   Code   RO         1335    .text.BSP_OLED_ShowChar  bsp_oled.o
    0x08001f22   0x08001f22   0x00000002   PAD
    0x08001f24   0x08001f24   0x00000036   Code   RO         1337    .text.BSP_OLED_ShowString  bsp_oled.o
    0x08001f5a   0x08001f5a   0x00000006   PAD
    0x08001f60   0x08001f60   0x0000044c   Code   RO         1360    .text.BSP_UpdateSensorValue  bsp_sensor_lm75.o
    0x080023ac   0x080023ac   0x00000002   Code   RO           37    .text.BusFault_Handler  stm32f4xx_it.o
    0x080023ae   0x080023ae   0x00000002   PAD
    0x080023b0   0x080023b0   0x00000002   Code   RO           43    .text.DebugMon_Handler  stm32f4xx_it.o
    0x080023b2   0x080023b2   0x00000002   PAD
    0x080023b4   0x080023b4   0x00000170   Code   RO          147    .text.HAL_ADC_ConfigChannel  stm32f4xx_hal_adc.o
    0x08002524   0x08002524   0x00000006   Code   RO          143    .text.HAL_ADC_GetValue  stm32f4xx_hal_adc.o
    0x0800252a   0x0800252a   0x00000002   PAD
    0x0800252c   0x0800252c   0x0000015e   Code   RO          105    .text.HAL_ADC_Init  stm32f4xx_hal_adc.o
    0x0800268a   0x0800268a   0x00000002   PAD
    0x0800268c   0x0800268c   0x00000064   Code   RO           60    .text.HAL_ADC_MspInit  stm32f4xx_hal_msp.o
    0x080026f0   0x080026f0   0x0000010e   Code   RO          113    .text.HAL_ADC_Start  stm32f4xx_hal_adc.o
    0x080027fe   0x080027fe   0x00000002   PAD
    0x08002800   0x08002800   0x00000028   Code   RO          543    .text.HAL_Delay     stm32f4xx_hal.o
    0x08002828   0x08002828   0x0000019e   Code   RO          336    .text.HAL_GPIO_Init  stm32f4xx_hal_gpio.o
    0x080029c6   0x080029c6   0x00000002   PAD
    0x080029c8   0x080029c8   0x0000000a   Code   RO          342    .text.HAL_GPIO_WritePin  stm32f4xx_hal_gpio.o
    0x080029d2   0x080029d2   0x00000002   PAD
    0x080029d4   0x080029d4   0x0000000c   Code   RO          535    .text.HAL_GetTick   stm32f4xx_hal.o
    0x080029e0   0x080029e0   0x00000164   Code   RO          613    .text.HAL_I2C_Init  stm32f4xx_hal_i2c.o
    0x08002b44   0x08002b44   0x0000036a   Code   RO          657    .text.HAL_I2C_Mem_Read  stm32f4xx_hal_i2c.o
    0x08002eae   0x08002eae   0x00000002   PAD
    0x08002eb0   0x08002eb0   0x0000006c   Code   RO           64    .text.HAL_I2C_MspInit  stm32f4xx_hal_msp.o
    0x08002f1c   0x08002f1c   0x0000001a   Code   RO          533    .text.HAL_IncTick   stm32f4xx_hal.o
    0x08002f36   0x08002f36   0x00000002   PAD
    0x08002f38   0x08002f38   0x00000036   Code   RO          523    .text.HAL_Init      stm32f4xx_hal.o
    0x08002f6e   0x08002f6e   0x00000002   PAD
    0x08002f70   0x08002f70   0x00000048   Code   RO          525    .text.HAL_InitTick  stm32f4xx_hal.o
    0x08002fb8   0x08002fb8   0x0000003c   Code   RO           58    .text.HAL_MspInit   stm32f4xx_hal_msp.o
    0x08002ff4   0x08002ff4   0x00000022   Code   RO          481    .text.HAL_NVIC_EnableIRQ  stm32f4xx_hal_cortex.o
    0x08003016   0x08003016   0x00000002   PAD
    0x08003018   0x08003018   0x00000056   Code   RO          479    .text.HAL_NVIC_SetPriority  stm32f4xx_hal_cortex.o
    0x0800306e   0x0800306e   0x00000002   PAD
    0x08003070   0x08003070   0x00000020   Code   RO          477    .text.HAL_NVIC_SetPriorityGrouping  stm32f4xx_hal_cortex.o
    0x08003090   0x08003090   0x00000164   Code   RO          206    .text.HAL_RCC_ClockConfig  stm32f4xx_hal_rcc.o
    0x080031f4   0x080031f4   0x00000026   Code   RO          218    .text.HAL_RCC_GetPCLK1Freq  stm32f4xx_hal_rcc.o
    0x0800321a   0x0800321a   0x00000002   PAD
    0x0800321c   0x0800321c   0x00000026   Code   RO          220    .text.HAL_RCC_GetPCLK2Freq  stm32f4xx_hal_rcc.o
    0x08003242   0x08003242   0x00000002   PAD
    0x08003244   0x08003244   0x0000006c   Code   RO          208    .text.HAL_RCC_GetSysClockFreq  stm32f4xx_hal_rcc.o
    0x080032b0   0x080032b0   0x000003b0   Code   RO          204    .text.HAL_RCC_OscConfig  stm32f4xx_hal_rcc.o
    0x08003660   0x08003660   0x000000b4   Code   RO          759    .text.HAL_SPI_Init  stm32f4xx_hal_spi.o
    0x08003714   0x08003714   0x0000006a   Code   RO           68    .text.HAL_SPI_MspInit  stm32f4xx_hal_msp.o
    0x0800377e   0x0800377e   0x00000002   PAD
    0x08003780   0x08003780   0x0000024e   Code   RO          767    .text.HAL_SPI_Transmit  stm32f4xx_hal_spi.o
    0x080039ce   0x080039ce   0x00000002   PAD
    0x080039d0   0x080039d0   0x0000002c   Code   RO          489    .text.HAL_SYSTICK_Config  stm32f4xx_hal_cortex.o
    0x080039fc   0x080039fc   0x00000002   Code   RO         1178    .text.HAL_TIMEx_BreakCallback  stm32f4xx_hal_tim_ex.o
    0x080039fe   0x080039fe   0x00000002   PAD
    0x08003a00   0x08003a00   0x00000002   Code   RO         1174    .text.HAL_TIMEx_CommutCallback  stm32f4xx_hal_tim_ex.o
    0x08003a02   0x08003a02   0x00000002   PAD
    0x08003a04   0x08003a04   0x0000013c   Code   RO          873    .text.HAL_TIM_Base_Init  stm32f4xx_hal_tim.o
    0x08003b40   0x08003b40   0x00000048   Code   RO           72    .text.HAL_TIM_Base_MspInit  stm32f4xx_hal_msp.o
    0x08003b88   0x08003b88   0x00000084   Code   RO          887    .text.HAL_TIM_Base_Start_IT  stm32f4xx_hal_tim.o
    0x08003c0c   0x08003c0c   0x00000002   Code   RO         1009    .text.HAL_TIM_IC_CaptureCallback  stm32f4xx_hal_tim.o
    0x08003c0e   0x08003c0e   0x00000002   PAD
    0x08003c10   0x08003c10   0x00000170   Code   RO         1007    .text.HAL_TIM_IRQHandler  stm32f4xx_hal_tim.o
    0x08003d80   0x08003d80   0x00000002   Code   RO         1011    .text.HAL_TIM_OC_DelayElapsedCallback  stm32f4xx_hal_tim.o
    0x08003d82   0x08003d82   0x00000002   PAD
    0x08003d84   0x08003d84   0x00000002   Code   RO         1013    .text.HAL_TIM_PWM_PulseFinishedCallback  stm32f4xx_hal_tim.o
    0x08003d86   0x08003d86   0x00000002   PAD
    0x08003d88   0x08003d88   0x0000005c   Code   RO         1378    .text.HAL_TIM_PeriodElapsedCallback  timer.o
    0x08003de4   0x08003de4   0x00000002   Code   RO         1017    .text.HAL_TIM_TriggerCallback  stm32f4xx_hal_tim.o
    0x08003de6   0x08003de6   0x00000002   PAD
    0x08003de8   0x08003de8   0x0000005e   Code   RO         1192    .text.HAL_UART_Init  stm32f4xx_hal_uart.o
    0x08003e46   0x08003e46   0x00000002   PAD
    0x08003e48   0x08003e48   0x0000006c   Code   RO           76    .text.HAL_UART_MspInit  stm32f4xx_hal_msp.o
    0x08003eb4   0x08003eb4   0x00000002   Code   RO           33    .text.HardFault_Handler  stm32f4xx_it.o
    0x08003eb6   0x08003eb6   0x00000002   PAD
    0x08003eb8   0x08003eb8   0x0000031a   Code   RO          659    .text.I2C_RequestMemoryRead  stm32f4xx_hal_i2c.o
    0x080041d2   0x080041d2   0x00000002   PAD
    0x080041d4   0x080041d4   0x00000148   Code   RO          623    .text.I2C_WaitOnFlagUntilTimeout  stm32f4xx_hal_i2c.o
    0x0800431c   0x0800431c   0x000000b8   Code   RO          737    .text.I2C_WaitOnMasterAddressFlagUntilTimeout  stm32f4xx_hal_i2c.o
    0x080043d4   0x080043d4   0x00000002   Code   RO           35    .text.MemManage_Handler  stm32f4xx_it.o
    0x080043d6   0x080043d6   0x00000002   PAD
    0x080043d8   0x080043d8   0x00000002   Code   RO           31    .text.NMI_Handler   stm32f4xx_it.o
    0x080043da   0x080043da   0x00000002   PAD
    0x080043dc   0x080043dc   0x00000002   Code   RO           45    .text.PendSV_Handler  stm32f4xx_it.o
    0x080043de   0x080043de   0x00000002   PAD
    0x080043e0   0x080043e0   0x000000e4   Code   RO          863    .text.SPI_WaitFlagStateUntilTimeout  stm32f4xx_hal_spi.o
    0x080044c4   0x080044c4   0x00000002   Code   RO           41    .text.SVC_Handler   stm32f4xx_it.o
    0x080044c6   0x080044c6   0x00000002   PAD
    0x080044c8   0x080044c8   0x00000004   Code   RO           47    .text.SysTick_Handler  stm32f4xx_it.o
    0x080044cc   0x080044cc   0x00000012   Code   RO         1312    .text.SystemInit    system_stm32f4xx.o
    0x080044de   0x080044de   0x00000002   PAD
    0x080044e0   0x080044e0   0x0000000c   Code   RO           49    .text.TIM1_TRG_COM_TIM11_IRQHandler  stm32f4xx_it.o
    0x080044ec   0x080044ec   0x000000ee   Code   RO         1196    .text.UART_SetConfig  stm32f4xx_hal_uart.o
    0x080045da   0x080045da   0x00000002   PAD
    0x080045dc   0x080045dc   0x00000002   Code   RO           39    .text.UsageFault_Handler  stm32f4xx_it.o
    0x080045de   0x080045de   0x00000002   PAD
    0x080045e0   0x080045e0   0x0000034c   Code   RO           11    .text.main          main.o
    0x0800492c   0x0800492c   0x00000004   PAD
    0x08004930   0x08004930   0x000000bc   Code   RO           90    .text.userApp_2     userapp.o
    0x080049ec   0x080049ec   0x0000003e   Code   RO         1500    CL$$btod_d2e        c_w.l(btod.o)
    0x08004a2a   0x08004a2a   0x00000046   Code   RO         1502    CL$$btod_d2e_denorm_low  c_w.l(btod.o)
    0x08004a70   0x08004a70   0x00000060   Code   RO         1501    CL$$btod_d2e_norm_op1  c_w.l(btod.o)
    0x08004ad0   0x08004ad0   0x00000338   Code   RO         1510    CL$$btod_div_common  c_w.l(btod.o)
    0x08004e08   0x08004e08   0x000000dc   Code   RO         1507    CL$$btod_e2e        c_w.l(btod.o)
    0x08004ee4   0x08004ee4   0x0000002a   Code   RO         1504    CL$$btod_ediv       c_w.l(btod.o)
    0x08004f0e   0x08004f0e   0x0000002a   Code   RO         1503    CL$$btod_emul       c_w.l(btod.o)
    0x08004f38   0x08004f38   0x00000244   Code   RO         1509    CL$$btod_mult_common  c_w.l(btod.o)
    0x0800517c   0x0800517c   0x00000030   Code   RO         1529    i.__ARM_fpclassify  m_wm.l(fpclassify.o)
    0x080051ac   0x080051ac   0x0000000e   Code   RO         1411    i._is_digit         c_w.l(__printf_wp.o)
    0x080051ba   0x080051ba   0x00000002   PAD
    0x080051bc   0x080051bc   0x0000002c   Code   RO         1525    locale$$code        c_w.l(lc_numeric_c.o)
    0x080051e8   0x080051e8   0x00000062   Code   RO         1430    x$fpl$d2f           fz_wm.l(d2f.o)
    0x0800524a   0x0800524a   0x0000002e   Code   RO         1433    x$fpl$dflt          fz_wm.l(dflt_clz.o)
    0x08005278   0x08005278   0x00000154   Code   RO         1438    x$fpl$dmul          fz_wm.l(dmul.o)
    0x080053cc   0x080053cc   0x0000009c   Code   RO         1460    x$fpl$dnaninf       fz_wm.l(dnaninf.o)
    0x08005468   0x08005468   0x0000000c   Code   RO         1462    x$fpl$dretinf       fz_wm.l(dretinf.o)
    0x08005474   0x08005474   0x00000056   Code   RO         1440    x$fpl$f2d           fz_wm.l(f2d.o)
    0x080054ca   0x080054ca   0x0000008c   Code   RO         1464    x$fpl$fnaninf       fz_wm.l(fnaninf.o)
    0x08005556   0x08005556   0x0000001a   Code   RO         1611    x$fpl$fpinit        fz_wm.l(fpinit.o)
    0x08005570   0x08005570   0x0000000a   Code   RO         1466    x$fpl$fretinf       fz_wm.l(fretinf.o)
    0x0800557a   0x0800557a   0x00000004   Code   RO         1442    x$fpl$printf1       fz_wm.l(printf1.o)
    0x0800557e   0x0800557e   0x00000000   Code   RO         1468    x$fpl$usenofp       fz_wm.l(usenofp.o)
    0x0800557e   0x0800557e   0x00000002   PAD
    0x08005580   0x08005580   0x00000094   Data   RO         1498    .constdata          c_w.l(bigflt0.o)
    0x08005614   0x08005614   0x00000010   Data   RO         1317    .rodata.AHBPrescTable  system_stm32f4xx.o
    0x08005624   0x08005624   0x00000008   Data   RO         1318    .rodata.APBPrescTable  system_stm32f4xx.o
    0x0800562c   0x0800562c   0x000005f0   Data   RO         1343    .rodata.F8X16       bsp_oled.o
    0x08005c1c   0x08005c1c   0x00000020   Data   RO         1687    Region$$Table       anon$$obj.o
    0x08005c3c   0x08005c3c   0x0000001c   Data   RO         1524    locale$$data        c_w.l(lc_numeric_c.o)


    Execution Region RW_IRAM1 (Exec base: 0x20000000, Load base: 0x08005c58, Size: 0x00000c20, Max: 0x00020000, ABSOLUTE)

    Exec Addr    Load Addr    Size         Type   Attr      Idx    E Section Name        Object

    0x20000000   0x08005c58   0x00000008   Data   RW          578    .data..L_MergedGlobals  stm32f4xx_hal.o
    0x20000008   0x08005c60   0x00000004   Data   RW         1316    .data.SystemCoreClock  system_stm32f4xx.o
    0x2000000c   0x08005c64   0x00000004   PAD
    0x20000010        -       0x00000060   Zero   RW         1532    .bss                c_w.l(libspace.o)
    0x20000070        -       0x00000054   Zero   RW           22    .bss..L_MergedGlobals  main.o
    0x200000c4        -       0x00000014   Zero   RW         1380    .bss..L_MergedGlobals  timer.o
    0x200000d8        -       0x00000400   Zero   RW         1349    .bss.OLED_DispBuf   bsp_oled.o
    0x200004d8        -       0x00000004   Zero   RW         1368    .bss.Temperature.0  bsp_sensor_lm75.o
    0x200004dc        -       0x00000048   Zero   RW           18    .bss.hadc1          main.o
    0x20000524        -       0x00000054   Zero   RW           19    .bss.hi2c1          main.o
    0x20000578        -       0x00000058   Zero   RW           20    .bss.hspi1          main.o
    0x200005d0        -       0x00000048   Zero   RW           17    .bss.htim11         main.o
    0x20000618        -       0x00000004   Zero   RW          577    .bss.uwTick         stm32f4xx_hal.o
    0x2000061c   0x08005c64   0x00000004   PAD
    0x20000620        -       0x00000200   Zero   RW            2    HEAP                startup_stm32f411xe.o
    0x20000820        -       0x00000400   Zero   RW            1    STACK               startup_stm32f411xe.o


==============================================================================

Image component sizes


      Code (inc. data)   RO Data    RW Data    ZI Data      Debug   Object Name

      4442          0       1520          0       1024      28905   bsp_oled.o
      1100          8          0          0          4       3584   bsp_sensor_lm75.o
       844         32          0          0        400      12658   main.o
        64         26        408          0       1536        832   startup_stm32f411xe.o
       204          0          0          8          4       6869   stm32f4xx_hal.o
       994          0          0          0          0      12069   stm32f4xx_hal_adc.o
       196          0          0          0          0       9963   stm32f4xx_hal_cortex.o
       424          0          0          0          0       5370   stm32f4xx_hal_gpio.o
      2536          0          0          0          0      54872   stm32f4xx_hal_i2c.o
       554          0          0          0          0      13775   stm32f4xx_hal_msp.o
      1484          0          0          0          0       7489   stm32f4xx_hal_rcc.o
       998          0          0          0          0      27427   stm32f4xx_hal_spi.o
       824          0          0          0          0      56483   stm32f4xx_hal_tim.o
         4          0          0          0          0      20822   stm32f4xx_hal_tim_ex.o
       332          0          0          0          0      31798   stm32f4xx_hal_uart.o
        32          0          0          0          0       4444   stm32f4xx_it.o
        18          0         24          4          0       2694   system_stm32f4xx.o
        92          0          0          0         20       4082   timer.o
       188         28          0          0          0       2220   userapp.o

    ----------------------------------------------------------------------
     15408         98       1984         12       2996     306356   Object Totals
         0          0         32          0          0          0   (incl. Generated)
        78          4          0          0          8          0   (incl. Padding)

    ----------------------------------------------------------------------

      Code (inc. data)   RO Data    RW Data    ZI Data      Debug   Library Member Name

         8          0          0          0          0         68   __main.o
       284          0          0          0          0        156   __printf_wp.o
         0          0          0          0          0          0   __rtentry.o
        12          0          0          0          0          0   __rtentry2.o
         6          0          0          0          0          0   __rtentry4.o
        94          8          0          0          0          0   __scatter.o
        26          0          0          0          0          0   __scatter_copy.o
        28          0          0          0          0          0   __scatter_zi.o
        48          6          0          0          0         96   _printf_char_common.o
         6          0          0          0          0          0   _printf_d.o
       120         16          0          0          0         92   _printf_dec.o
         6          0          0          0          0          0   _printf_f.o
      1052          0          0          0          0        148   _printf_fp_dec.o
       128         16          0          0          0         84   _printf_fp_infnan.o
       178          0          0          0          0         88   _printf_intcommon.o
        78          0          0          0          0        108   _printf_pad.o
         0          0          0          0          0          0   _printf_percent.o
         4          0          0          0          0          0   _printf_percent_end.o
        10          0          0          0          0         68   _sputc.o
       228          4        148          0          0         96   bigflt0.o
      1936        128          0          0          0        668   btod.o
        18          0          0          0          0         80   exit.o
         6          0          0          0          0        152   heapauxi.o
         0          0          0          0          0          0   indicate_semi.o
        44         10         28          0          0         76   lc_numeric_c.o
         2          0          0          0          0          0   libinit.o
        22          0          0          0          0          0   libinit2.o
         2          0          0          0          0          0   libshutdown.o
         2          0          0          0          0          0   libshutdown2.o
         8          4          0          0         96         68   libspace.o
       138          0          0          0          0         80   lludiv10.o
       240          0          0          0          0        100   lludivv7m.o
        40          6          0          0          0         84   noretval__2sprintf.o
         8          4          0          0          0         68   rt_locale_intlibspace.o
        78          0          0          0          0         80   rt_memclr_w.o
         2          0          0          0          0          0   rtexit.o
        10          0          0          0          0          0   rtexit2.o
       124          0          0          0          0         88   strcmpv7em.o
        12          4          0          0          0         68   sys_exit.o
        74          0          0          0          0         80   sys_stackheap_outer.o
         2          0          0          0          0         68   use_no_semi.o
        98          4          0          0          0        140   d2f.o
        46          0          0          0          0        116   dflt_clz.o
       340         12          0          0          0        152   dmul.o
       156          4          0          0          0        140   dnaninf.o
        12          0          0          0          0        116   dretinf.o
        86          4          0          0          0        132   f2d.o
       140          4          0          0          0        132   fnaninf.o
        26          0          0          0          0        116   fpinit.o
        10          0          0          0          0        116   fretinf.o
         4          0          0          0          0        116   printf1.o
         0          0          0          0          0          0   usenofp.o
        48          0          0          0          0        124   fpclassify.o

    ----------------------------------------------------------------------
      6072        234        176          0         96       4164   Library Totals
        22          0          0          0          0          0   (incl. Padding)

    ----------------------------------------------------------------------

      Code (inc. data)   RO Data    RW Data    ZI Data      Debug   Library Name

      5084        206        176          0         96       2764   c_w.l
       918         28          0          0          0       1276   fz_wm.l
        48          0          0          0          0        124   m_wm.l

    ----------------------------------------------------------------------
      6072        234        176          0         96       4164   Library Totals

    ----------------------------------------------------------------------

==============================================================================


      Code (inc. data)   RO Data    RW Data    ZI Data      Debug   

     21480        332       2160         12       3092     307892   Grand Totals
     21480        332       2160         12       3092     307892   ELF Image Totals
     21480        332       2160         12          0          0   ROM Totals

==============================================================================

    Total RO  Size (Code + RO Data)                23640 (  23.09kB)
    Total RW  Size (RW Data + ZI Data)              3104 (   3.03kB)
    Total ROM Size (Code + RO Data + RW Data)      23652 (  23.10kB)

==============================================================================

